Archive member included to satisfy reference by file (symbol)

C:/Program Files/SEGGER/SEGGER Embedded Studio for ARM 6.40/lib/libc_v7em_fpv4_sp_d16_hard_t_le_eabi_balanced.a(intasmops_arm.o)
                              Output/Debug/Obj/spi_pca10040/bsp.o (__aeabi_uldivmod)
C:/Program Files/SEGGER/SEGGER Embedded Studio for ARM 6.40/lib/libc_v7em_fpv4_sp_d16_hard_t_le_eabi_balanced.a(mbops.o)
                              Output/Debug/Obj/spi_pca10040/nrf_log_str_formatter.o (isprint)
C:/Program Files/SEGGER/SEGGER Embedded Studio for ARM 6.40/lib/libc_v7em_fpv4_sp_d16_hard_t_le_eabi_balanced.a(sortops.o)
                              C:/Program Files/SEGGER/SEGGER Embedded Studio for ARM 6.40/lib/libc_v7em_fpv4_sp_d16_hard_t_le_eabi_balanced.a(mbops.o) (bsearch)
C:/Program Files/SEGGER/SEGGER Embedded Studio for ARM 6.40/lib/libc_v7em_fpv4_sp_d16_hard_t_le_eabi_balanced.a(strasmops_arm.o)
                              Output/Debug/Obj/spi_pca10040/nrf_fprintf_format.o (strlen)
C:/Program Files/SEGGER/SEGGER Embedded Studio for ARM 6.40/lib/libc_v7em_fpv4_sp_d16_hard_t_le_eabi_balanced.a(strops.o)
                              C:/Program Files/SEGGER/SEGGER Embedded Studio for ARM 6.40/lib/libc_v7em_fpv4_sp_d16_hard_t_le_eabi_balanced.a(mbops.o) (strcat)
C:/Program Files/SEGGER/SEGGER Embedded Studio for ARM 6.40/lib/libc_v7em_fpv4_sp_d16_hard_t_le_eabi_balanced.a(timeops.o)
                              C:/Program Files/SEGGER/SEGGER Embedded Studio for ARM 6.40/lib/libc_v7em_fpv4_sp_d16_hard_t_le_eabi_balanced.a(mbops.o) (__SEGGER_RTL_string_list_encode)
C:/Program Files/SEGGER/SEGGER Embedded Studio for ARM 6.40/lib/libc_v7em_fpv4_sp_d16_hard_t_le_eabi_balanced.a(__SEGGER_RTL_vfprintf_long.o)
                              (__SEGGER_RTL_vfprintf_long)
C:/Program Files/SEGGER/SEGGER Embedded Studio for ARM 6.40/lib/libc_v7em_fpv4_sp_d16_hard_t_le_eabi_balanced.a(__SEGGER_RTL_vfscanf_long.o)
                              (__SEGGER_RTL_vfscanf_long)
C:/Program Files/SEGGER/SEGGER Embedded Studio for ARM 6.40/lib/libc_v7em_fpv4_sp_d16_hard_t_le_eabi_balanced.a(errno.o)
                              C:/Program Files/SEGGER/SEGGER Embedded Studio for ARM 6.40/lib/libc_v7em_fpv4_sp_d16_hard_t_le_eabi_balanced.a(mbops.o) (__aeabi_errno_addr)
C:/Program Files/SEGGER/SEGGER Embedded Studio for ARM 6.40/lib/libc_v7em_fpv4_sp_d16_hard_t_le_eabi_balanced.a(execops.o)
                              C:/Program Files/SEGGER/SEGGER Embedded Studio for ARM 6.40/lib/libc_v7em_fpv4_sp_d16_hard_t_le_eabi_balanced.a(strops.o) (__SEGGER_RTL_constraint_violation)
C:/Program Files/SEGGER/SEGGER Embedded Studio for ARM 6.40/lib/libc_v7em_fpv4_sp_d16_hard_t_le_eabi_balanced.a(execops_arm.o)
                              C:/Program Files/SEGGER/SEGGER Embedded Studio for ARM 6.40/lib/libc_v7em_fpv4_sp_d16_hard_t_le_eabi_balanced.a(execops.o) (__aeabi_SIGABRT)
C:/Program Files/SEGGER/SEGGER Embedded Studio for ARM 6.40/lib/libc_v7em_fpv4_sp_d16_hard_t_le_eabi_balanced.a(floatasmops_arm.o)
                              C:/Program Files/SEGGER/SEGGER Embedded Studio for ARM 6.40/lib/libc_v7em_fpv4_sp_d16_hard_t_le_eabi_balanced.a(timeops.o) (__aeabi_i2d)
C:/Program Files/SEGGER/SEGGER Embedded Studio for ARM 6.40/lib/libc_v7em_fpv4_sp_d16_hard_t_le_eabi_balanced.a(intops.o)
                              C:/Program Files/SEGGER/SEGGER Embedded Studio for ARM 6.40/lib/libc_v7em_fpv4_sp_d16_hard_t_le_eabi_balanced.a(timeops.o) (div)
C:/Program Files/SEGGER/SEGGER Embedded Studio for ARM 6.40/lib/libc_v7em_fpv4_sp_d16_hard_t_le_eabi_balanced.a(utilops.o)
                              C:/Program Files/SEGGER/SEGGER Embedded Studio for ARM 6.40/lib/libc_v7em_fpv4_sp_d16_hard_t_le_eabi_balanced.a(__SEGGER_RTL_vfscanf_long.o) (__SEGGER_RTL_digit)
C:/Program Files/SEGGER/SEGGER Embedded Studio for ARM 6.40/lib/libc_v7em_fpv4_sp_d16_hard_t_le_eabi_balanced.a(prinops.o)
                              C:/Program Files/SEGGER/SEGGER Embedded Studio for ARM 6.40/lib/libc_v7em_fpv4_sp_d16_hard_t_le_eabi_balanced.a(__SEGGER_RTL_vfprintf_long.o) (__SEGGER_RTL_putc)
C:/Program Files/SEGGER/SEGGER Embedded Studio for ARM 6.40/lib/libc_v7em_fpv4_sp_d16_hard_t_le_eabi_balanced.a(convops.o)
                              C:/Program Files/SEGGER/SEGGER Embedded Studio for ARM 6.40/lib/libc_v7em_fpv4_sp_d16_hard_t_le_eabi_balanced.a(execops.o) (itoa)
C:/Program Files/SEGGER/SEGGER Embedded Studio for ARM 6.40/lib/libc_v7em_fpv4_sp_d16_hard_t_le_eabi_balanced.a(fileops.o)
                              C:/Program Files/SEGGER/SEGGER Embedded Studio for ARM 6.40/lib/libc_v7em_fpv4_sp_d16_hard_t_le_eabi_balanced.a(prinops.o) (fwrite)
C:/Program Files/SEGGER/SEGGER Embedded Studio for ARM 6.40/lib/libc_v7em_fpv4_sp_d16_hard_t_le_eabi_balanced.a(floatops.o)
                              C:/Program Files/SEGGER/SEGGER Embedded Studio for ARM 6.40/lib/libc_v7em_fpv4_sp_d16_hard_t_le_eabi_balanced.a(convops.o) (__SEGGER_RTL_float32_isinf)
[...]
Memory Configuration

Name             Origin             Length             Attributes
UNPLACED_SECTIONS 0x0000000100000000 0x0000000000000000 xw
RAM1             0x0000000020000000 0x0000000000010000 xw
FLASH1           0x0000000000000000 0x0000000000080000 xw
*default*        0x0000000000000000 0xffffffffffffffff

Linker script and memory map

                0x0000000000000000                __SEGGER_RTL_vfprintf = __SEGGER_RTL_vfprintf_long
                0x0000000000000000                __SEGGER_RTL_vfscanf = __SEGGER_RTL_vfscanf_long
                0x0000000020000000                __RAM1_segment_start__ = 0x20000000
                0x0000000020010000                __RAM1_segment_end__ = 0x20010000
                0x0000000000010000                __RAM1_segment_size__ = 0x10000
                0x0000000000000000                __FLASH1_segment_start__ = 0x0
                0x0000000000080000                __FLASH1_segment_end__ = 0x80000
                0x0000000000080000                __FLASH1_segment_size__ = 0x80000
                0x0000000000002000                __HEAPSIZE__ = 0x2000
                0x0000000000000000                __STACKSIZE_PROCESS__ = 0x0
                0x0000000000002000                __STACKSIZE__ = 0x2000
                0x0000000020000000                __vectors_ram_load_start__ = 0x20000000

.vectors_ram    0x0000000020000000        0x0
                0x0000000020000000                __vectors_ram_start__ = .
                0x0000000020000000                __app_ram_start__ = __vectors_ram_start__
 *(.vectors_ram .vectors_ram.*)
                0x0000000020000000                __vectors_ram_end__ = (__vectors_ram_start__ + SIZEOF (.vectors_ram))
                0x0000000000000000                __vectors_ram_size__ = SIZEOF (.vectors_ram)
                0x0000000020000000                __vectors_ram_load_end__ = __vectors_ram_end__
                0x0000000000000001                . = ASSERT (((__vectors_ram_start__ == __vectors_ram_end__) || ((__vectors_ram_end__ - __RAM1_segment_start__) <= __RAM1_segment_size__)), error: .vectors_ram is too large to fit in RAM1 memory segment)
                0x0000000020000000                __nrf_sections_run_load_start__ = ALIGN (__vectors_ram_end__, 0x4)

.nrf_sections_run
                0x0000000020000000        0x0
                0x0000000020000000                __nrf_sections_run_start__ = .
                0x0000000020000000                __start_nrf_sections_run = __nrf_sections_run_start__
 *(.nrf_sections_run .nrf_sections_run.*)
                0x0000000020000000                __nrf_sections_run_end__ = (__nrf_sections_run_start__ + SIZEOF (.nrf_sections_run))
                0x0000000000000000                __nrf_sections_run_size__ = SIZEOF (.nrf_sections_run)
                0x0000000020000000                __nrf_sections_run_load_end__ = __nrf_sections_run_end__
                0x0000000000000001                . = ASSERT (((__nrf_sections_run_start__ == __nrf_sections_run_end__) || ((__nrf_sections_run_end__ - __RAM1_segment_start__) <= __RAM1_segment_size__)), error: .nrf_sections_run is too large to fit in RAM1 memory segment)
                0x0000000000000000                __vectors_load_start__ = 0x0

.vectors        0x0000000000000000      0x200
                0x0000000000000000                __vectors_start__ = .
 *(.vectors .vectors.*)
 .vectors       0x0000000000000000      0x200 Output/Debug/Obj/spi_pca10040/ses_startup_nrf52.o
                0x0000000000000000                _vectors
                0x0000000000000200                __vectors_end__ = (__vectors_start__ + SIZEOF (.vectors))
                0x0000000000000200                __vectors_size__ = SIZEOF (.vectors)
                0x0000000000000200                __vectors_load_end__ = __vectors_end__
                0x0000000000000001                . = ASSERT (((__vectors_start__ == __vectors_end__) || ((__vectors_end__ - __FLASH1_segment_start__) <= __FLASH1_segment_size__)), error: .vectors is too large to fit in FLASH1 memory segment)
                0x0000000000000200                __init_load_start__ = ALIGN (__vectors_end__, 0x4)

.init           0x0000000000000200      0x1cc
                0x0000000000000200                __init_start__ = .
 *(.init .init.*)
 .init          0x0000000000000200       0x18 Output/Debug/Obj/spi_pca10040/ses_startup_nrf52.o
                0x0000000000000200                NMI_Handler
                0x0000000000000202                HardFault_Handler
                0x0000000000000204                MemoryManagement_Handler
                0x0000000000000206                BusFault_Handler
                0x0000000000000208                UsageFault_Handler
                0x000000000000020a                SVC_Handler
                0x000000000000020c                DebugMon_Handler
                0x000000000000020e                PendSV_Handler
                0x0000000000000210                SysTick_Handler
                0x0000000000000212                PWM1_IRQHandler
                0x0000000000000212                SWI0_EGU0_IRQHandler
                0x0000000000000212                POWER_CLOCK_IRQHandler
                0x0000000000000212                RADIO_IRQHandler
                0x0000000000000212                PDM_IRQHandler
                0x0000000000000212                TEMP_IRQHandler
                0x0000000000000212                QDEC_IRQHandler
                0x0000000000000212                RTC0_IRQHandler
                0x0000000000000212                FPU_IRQHandler
                0x0000000000000212                SWI2_EGU2_IRQHandler
                0x0000000000000212                TIMER4_IRQHandler
                0x0000000000000212                I2S_IRQHandler
                0x0000000000000212                SWI4_EGU4_IRQHandler
                0x0000000000000212                TIMER0_IRQHandler
                0x0000000000000212                Dummy_Handler
                0x0000000000000212                TIMER1_IRQHandler
                0x0000000000000212                PWM2_IRQHandler
                0x0000000000000212                ECB_IRQHandler
                0x0000000000000212                SPIM1_SPIS1_TWIM1_TWIS1_SPI1_TWI1_IRQHandler
                0x0000000000000212                SAADC_IRQHandler
                0x0000000000000212                CCM_AAR_IRQHandler
                0x0000000000000212                WDT_IRQHandler
                0x0000000000000212                TIMER3_IRQHandler
                0x0000000000000212                SWI5_EGU5_IRQHandler
                0x0000000000000212                RNG_IRQHandler
                0x0000000000000212                RTC2_IRQHandler
                0x0000000000000212                PWM0_IRQHandler
                0x0000000000000212                SWI3_EGU3_IRQHandler
                0x0000000000000212                SWI1_EGU1_IRQHandler
                0x0000000000000212                SPIM2_SPIS2_SPI2_IRQHandler
                0x0000000000000212                NFCT_IRQHandler
                0x0000000000000212                TIMER2_IRQHandler
                0x0000000000000212                MWU_IRQHandler
                0x0000000000000212                COMP_LPCOMP_IRQHandler
                0x0000000000000214                nRFInitialize
 .init          0x0000000000000218       0x5c Output/Debug/Obj/spi_pca10040/ses_startup_nrf_common.o
                0x0000000000000218                Reset_Handler
                0x000000000000021c                afterInitialize
                0x0000000000000240                InitializeUserMemorySections
 .init          0x0000000000000274      0x158 Output/Debug/Obj/spi_pca10040/thumb_crt0.o
                0x0000000000000274                _start
                0x0000000000000322                exit
                0x00000000000003cc                __init_end__ = (__init_start__ + SIZEOF (.init))
                0x00000000000001cc                __init_size__ = SIZEOF (.init)
                0x00000000000003cc                __init_load_end__ = __init_end__
                0x0000000000000001                . = ASSERT (((__init_start__ == __init_end__) || ((__init_end__ - __FLASH1_segment_start__) <= __FLASH1_segment_size__)), error: .init is too large to fit in FLASH1 memory segment)
                0x00000000000003cc                __init_rodata_load_start__ = ALIGN (__init_end__, 0x4)

.init_rodata    0x00000000000003cc        0x0
                0x00000000000003cc                __init_rodata_start__ = .
 *(.init_rodata .init_rodata.*)
                0x00000000000003cc                __init_rodata_end__ = (__init_rodata_start__ + SIZEOF (.init_rodata))
                0x0000000000000000                __init_rodata_size__ = SIZEOF (.init_rodata)
                0x00000000000003cc                __init_rodata_load_end__ = __init_rodata_end__
                0x0000000000000001                . = ASSERT (((__init_rodata_start__ == __init_rodata_end__) || ((__init_rodata_end__ - __FLASH1_segment_start__) <= __FLASH1_segment_size__)), error: .init_rodata is too large to fit in FLASH1 memory segment)
                0x00000000000003cc                __text_load_start__ = ALIGN (__init_rodata_end__, 0x4)

.text           0x00000000000003cc     0x5ecc
                0x00000000000003cc                __text_start__ = .
 *(.text .text.* .gnu.linkonce.t.* .glue_7t .glue_7 .gcc_except_table .ARM.extab* .gnu.linkonce.armextab.*)
 .glue_7        0x00000000000003cc        0x0 linker stubs
 .glue_7t       0x00000000000003cc        0x0 linker stubs
 .text.nrfx_coredep_delay_us
                0x00000000000003cc       0x30 Output/Debug/Obj/spi_pca10040/main.o
 .text.nrf_delay_ms
                0x00000000000003fc       0x2a Output/Debug/Obj/spi_pca10040/main.o
 *fill*         0x0000000000000426        0x2 
 .text.main     0x0000000000000428       0xa4 Output/Debug/Obj/spi_pca10040/main.o
                0x0000000000000428                main
 .text.nrfx_coredep_delay_us
                0x00000000000004cc       0x30 Output/Debug/Obj/spi_pca10040/w25q128.o
 .text.nrf_drv_spi_transfer
                0x00000000000004fc       0x42 Output/Debug/Obj/spi_pca10040/w25q128.o
 .text.nrf_delay_ms
                0x000000000000053e       0x2a Output/Debug/Obj/spi_pca10040/w25q128.o
 .text.spi_event_handler
                0x0000000000000568       0x18 Output/Debug/Obj/spi_pca10040/w25q128.o
                0x0000000000000568                spi_event_handler
 .text.spi_init
                0x0000000000000580       0x60 Output/Debug/Obj/spi_pca10040/w25q128.o
                0x0000000000000580                spi_init
 .text.w25q128_reset
                0x00000000000005e0       0x50 Output/Debug/Obj/spi_pca10040/w25q128.o
                0x00000000000005e0                w25q128_reset
 .text.w25q128_read_page
                0x0000000000000630       0xd8 Output/Debug/Obj/spi_pca10040/w25q128.o
                0x0000000000000630                w25q128_read_page
 .text.w25q128_enable_write
                0x0000000000000708       0x50 Output/Debug/Obj/spi_pca10040/w25q128.o
                0x0000000000000708                w25q128_enable_write
 .text.w25q128_disable_write
                0x0000000000000758       0x50 Output/Debug/Obj/spi_pca10040/w25q128.o
                0x0000000000000758                w25q128_disable_write
 .text.w25q128_Erase_Sector
                0x00000000000007a8       0x8c Output/Debug/Obj/spi_pca10040/w25q128.o
                0x00000000000007a8                w25q128_Erase_Sector
 .text.w25q128_write_page
                0x0000000000000834       0xec Output/Debug/Obj/spi_pca10040/w25q128.o
                0x0000000000000834                w25q128_write_page
 .text.__NVIC_SystemReset
                0x0000000000000920       0x28 Output/Debug/Obj/spi_pca10040/system_nrf52.o
 .text.nrf52_errata_12
                0x0000000000000948       0x88 Output/Debug/Obj/spi_pca10040/system_nrf52.o
 .text.nrf52_errata_16
                0x00000000000009d0       0x68 Output/Debug/Obj/spi_pca10040/system_nrf52.o
 .text.nrf52_errata_31
                0x0000000000000a38       0x88 Output/Debug/Obj/spi_pca10040/system_nrf52.o
 .text.nrf52_errata_32
                0x0000000000000ac0       0x68 Output/Debug/Obj/spi_pca10040/system_nrf52.o
 .text.nrf52_errata_36
                0x0000000000000b28       0x88 Output/Debug/Obj/spi_pca10040/system_nrf52.o
 .text.nrf52_errata_37
                0x0000000000000bb0       0x68 Output/Debug/Obj/spi_pca10040/system_nrf52.o
 .text.nrf52_errata_57
                0x0000000000000c18       0x68 Output/Debug/Obj/spi_pca10040/system_nrf52.o
 .text.nrf52_errata_66
                0x0000000000000c80       0x88 Output/Debug/Obj/spi_pca10040/system_nrf52.o
 .text.nrf52_errata_108
                0x0000000000000d08       0x88 Output/Debug/Obj/spi_pca10040/system_nrf52.o
 .text.nrf52_errata_136
                0x0000000000000d90       0x88 Output/Debug/Obj/spi_pca10040/system_nrf52.o
 .text.nrf52_errata_182
                0x0000000000000e18       0x60 Output/Debug/Obj/spi_pca10040/system_nrf52.o
 .text.nrf52_errata_249
                0x0000000000000e78       0x60 Output/Debug/Obj/spi_pca10040/system_nrf52.o
 .text.nrf52_handle_approtect
                0x0000000000000ed8       0x20 Output/Debug/Obj/spi_pca10040/system_nrf52.o
 .text.nvmc_wait
                0x0000000000000ef8       0x18 Output/Debug/Obj/spi_pca10040/system_nrf52.o
                0x0000000000000ef8                nvmc_wait
 .text.nvmc_config
                0x0000000000000f10       0x20 Output/Debug/Obj/spi_pca10040/system_nrf52.o
                0x0000000000000f10                nvmc_config
 .text.SystemCoreClockUpdate
                0x0000000000000f30       0x14 Output/Debug/Obj/spi_pca10040/system_nrf52.o
                0x0000000000000f30                SystemCoreClockUpdate
 .text.SystemInit
                0x0000000000000f44      0x2ac Output/Debug/Obj/spi_pca10040/system_nrf52.o
                0x0000000000000f44                SystemInit
 .text.spim_evt_handler
                0x00000000000011f0       0x5c Output/Debug/Obj/spi_pca10040/nrf_drv_spi.o
 .text.nrf_drv_spi_init
                0x000000000000124c       0xac Output/Debug/Obj/spi_pca10040/nrf_drv_spi.o
                0x000000000000124c                nrf_drv_spi_init
 .text.uarte_evt_handler
                0x00000000000012f8       0x50 Output/Debug/Obj/spi_pca10040/nrf_drv_uart.o
 .text.uart_evt_handler
                0x0000000000001348       0x50 Output/Debug/Obj/spi_pca10040/nrf_drv_uart.o
 .text.nrf_drv_uart_init
                0x0000000000001398       0xc0 Output/Debug/Obj/spi_pca10040/nrf_drv_uart.o
                0x0000000000001398                nrf_drv_uart_init
 .text.nrf_gpiote_event_is_set
                0x0000000000001458       0x2a Output/Debug/Obj/spi_pca10040/nrfx_gpiote.o
 .text.nrf_gpiote_event_clear
                0x0000000000001482       0x36 Output/Debug/Obj/spi_pca10040/nrfx_gpiote.o
 .text.nrf_gpiote_event_addr_get
                0x00000000000014b8       0x1a Output/Debug/Obj/spi_pca10040/nrfx_gpiote.o
 *fill*         0x00000000000014d2        0x2 
 .text.nrf_gpiote_int_is_enabled
                0x00000000000014d4       0x18 Output/Debug/Obj/spi_pca10040/nrfx_gpiote.o
 .text.nrf_gpiote_event_pin_get
                0x00000000000014ec       0x20 Output/Debug/Obj/spi_pca10040/nrfx_gpiote.o
 .text.nrf_gpiote_event_polarity_get
                0x000000000000150c       0x24 Output/Debug/Obj/spi_pca10040/nrfx_gpiote.o
 .text.nrf_gpio_pin_port_decode
                0x0000000000001530       0x30 Output/Debug/Obj/spi_pca10040/nrfx_gpiote.o
 .text.nrf_gpio_cfg_sense_set
                0x0000000000001560       0x5c Output/Debug/Obj/spi_pca10040/nrfx_gpiote.o
 .text.nrf_gpio_pin_sense_get
                0x00000000000015bc       0x2c Output/Debug/Obj/spi_pca10040/nrfx_gpiote.o
 .text.nrf_gpio_latches_read_and_clear
                0x00000000000015e8       0x5c Output/Debug/Obj/spi_pca10040/nrfx_gpiote.o
 .text.nrf_gpio_pin_latch_clear
                0x0000000000001644       0x28 Output/Debug/Obj/spi_pca10040/nrfx_gpiote.o
 .text.nrf_gpio_pin_present_check
                0x000000000000166c       0x40 Output/Debug/Obj/spi_pca10040/nrfx_gpiote.o
 .text.nrf_bitmask_bit_is_set
                0x00000000000016ac       0x30 Output/Debug/Obj/spi_pca10040/nrfx_gpiote.o
 .text.channel_port_get
                0x00000000000016dc       0x1c Output/Debug/Obj/spi_pca10040/nrfx_gpiote.o
 .text.channel_handler_get
                0x00000000000016f8       0x18 Output/Debug/Obj/spi_pca10040/nrfx_gpiote.o
 .text.port_handler_pin_get
                0x0000000000001710       0x28 Output/Debug/Obj/spi_pca10040/nrfx_gpiote.o
 .text.port_handler_polarity_get
                0x0000000000001738       0x28 Output/Debug/Obj/spi_pca10040/nrfx_gpiote.o
 .text.latch_pending_read_and_check
                0x0000000000001760       0x3e Output/Debug/Obj/spi_pca10040/nrfx_gpiote.o
 *fill*         0x000000000000179e        0x2 
 .text.port_event_handle
                0x00000000000017a0       0xe4 Output/Debug/Obj/spi_pca10040/nrfx_gpiote.o
 .text.GPIOTE_IRQHandler
                0x0000000000001884      0x104 Output/Debug/Obj/spi_pca10040/nrfx_gpiote.o
                0x0000000000001884                GPIOTE_IRQHandler
 .text.UARTE0_UART0_IRQHandler
                0x0000000000001988       0x24 Output/Debug/Obj/spi_pca10040/nrfx_prs.o
                0x0000000000001988                UARTE0_UART0_IRQHandler
 .text.prs_box_get
                0x00000000000019ac       0x20 Output/Debug/Obj/spi_pca10040/nrfx_prs.o
 .text.nrfx_prs_acquire
                0x00000000000019cc       0x74 Output/Debug/Obj/spi_pca10040/nrfx_prs.o
                0x00000000000019cc                nrfx_prs_acquire
 .text.nrfx_prs_release
                0x0000000000001a40       0x3c Output/Debug/Obj/spi_pca10040/nrfx_prs.o
                0x0000000000001a40                nrfx_prs_release
 .text.__NVIC_EnableIRQ
                0x0000000000001a7c       0x34 Output/Debug/Obj/spi_pca10040/nrfx_spim.o
 .text.__NVIC_SetPriority
                0x0000000000001ab0       0x50 Output/Debug/Obj/spi_pca10040/nrfx_spim.o
 .text.nrfx_is_in_ram
                0x0000000000001b00       0x1c Output/Debug/Obj/spi_pca10040/nrfx_spim.o
 .text.nrfx_get_irq_number
                0x0000000000001b1c       0x10 Output/Debug/Obj/spi_pca10040/nrfx_spim.o
 .text._NRFX_IRQ_PRIORITY_SET
                0x0000000000001b2c       0x40 Output/Debug/Obj/spi_pca10040/nrfx_spim.o
 .text._NRFX_IRQ_ENABLE
                0x0000000000001b6c       0x1c Output/Debug/Obj/spi_pca10040/nrfx_spim.o
 .text.nrf_spim_task_trigger
                0x0000000000001b88       0x1c Output/Debug/Obj/spi_pca10040/nrfx_spim.o
 .text.nrf_spim_event_clear
                0x0000000000001ba4       0x2a Output/Debug/Obj/spi_pca10040/nrfx_spim.o
 .text.nrf_spim_event_check
                0x0000000000001bce       0x24 Output/Debug/Obj/spi_pca10040/nrfx_spim.o
 .text.nrf_spim_int_enable
                0x0000000000001bf2       0x14 Output/Debug/Obj/spi_pca10040/nrfx_spim.o
 .text.nrf_spim_int_disable
                0x0000000000001c06       0x14 Output/Debug/Obj/spi_pca10040/nrfx_spim.o
 .text.nrf_spim_enable
                0x0000000000001c1a       0x12 Output/Debug/Obj/spi_pca10040/nrfx_spim.o
 .text.nrf_spim_pins_set
                0x0000000000001c2c       0x28 Output/Debug/Obj/spi_pca10040/nrfx_spim.o
 .text.nrf_spim_frequency_set
                0x0000000000001c54       0x14 Output/Debug/Obj/spi_pca10040/nrfx_spim.o
 .text.nrf_spim_tx_buffer_set
                0x0000000000001c68       0x1e Output/Debug/Obj/spi_pca10040/nrfx_spim.o
 .text.nrf_spim_rx_buffer_set
                0x0000000000001c86       0x1e Output/Debug/Obj/spi_pca10040/nrfx_spim.o
 .text.nrf_spim_configure
                0x0000000000001ca4       0x64 Output/Debug/Obj/spi_pca10040/nrfx_spim.o
 .text.nrf_spim_orc_set
                0x0000000000001d08       0x1a Output/Debug/Obj/spi_pca10040/nrfx_spim.o
 .text.nrf_spim_tx_list_enable
                0x0000000000001d22       0x12 Output/Debug/Obj/spi_pca10040/nrfx_spim.o
 .text.nrf_spim_tx_list_disable
                0x0000000000001d34       0x12 Output/Debug/Obj/spi_pca10040/nrfx_spim.o
 .text.nrf_spim_rx_list_enable
                0x0000000000001d46       0x12 Output/Debug/Obj/spi_pca10040/nrfx_spim.o
 .text.nrf_spim_rx_list_disable
                0x0000000000001d58       0x12 Output/Debug/Obj/spi_pca10040/nrfx_spim.o
 *fill*         0x0000000000001d6a        0x2 
 .text.nrf_gpio_pin_port_decode
                0x0000000000001d6c       0x30 Output/Debug/Obj/spi_pca10040/nrfx_spim.o
 .text.nrf_gpio_cfg
                0x0000000000001d9c       0x62 Output/Debug/Obj/spi_pca10040/nrfx_spim.o
 .text.nrf_gpio_cfg_output
                0x0000000000001dfe       0x22 Output/Debug/Obj/spi_pca10040/nrfx_spim.o
 .text.nrf_gpio_cfg_input
                0x0000000000001e20       0x2a Output/Debug/Obj/spi_pca10040/nrfx_spim.o
 .text.nrf_gpio_pin_set
                0x0000000000001e4a       0x28 Output/Debug/Obj/spi_pca10040/nrfx_spim.o
 .text.nrf_gpio_pin_clear
                0x0000000000001e72       0x28 Output/Debug/Obj/spi_pca10040/nrfx_spim.o
 .text.nrf_gpio_port_out_set
                0x0000000000001e9a       0x14 Output/Debug/Obj/spi_pca10040/nrfx_spim.o
 .text.nrf_gpio_port_out_clear
                0x0000000000001eae       0x14 Output/Debug/Obj/spi_pca10040/nrfx_spim.o
 .text.nrf_gpio_pin_present_check
                0x0000000000001ec2       0x40 Output/Debug/Obj/spi_pca10040/nrfx_spim.o
 *fill*         0x0000000000001f02        0x2 
 .text.nrfx_spim_init
                0x0000000000001f04      0x1d0 Output/Debug/Obj/spi_pca10040/nrfx_spim.o
                0x0000000000001f04                nrfx_spim_init
 .text.finish_transfer
                0x00000000000020d4       0x52 Output/Debug/Obj/spi_pca10040/nrfx_spim.o
 .text.spim_int_enable
                0x0000000000002126       0x34 Output/Debug/Obj/spi_pca10040/nrfx_spim.o
 .text.spim_list_enable_handle
                0x000000000000215a       0x40 Output/Debug/Obj/spi_pca10040/nrfx_spim.o
 .text.spim_xfer
                0x000000000000219a      0x108 Output/Debug/Obj/spi_pca10040/nrfx_spim.o
 *fill*         0x00000000000022a2        0x2 
 .text.nrfx_spim_xfer
                0x00000000000022a4      0x108 Output/Debug/Obj/spi_pca10040/nrfx_spim.o
                0x00000000000022a4                nrfx_spim_xfer
 .text.irq_handler
                0x00000000000023ac       0x48 Output/Debug/Obj/spi_pca10040/nrfx_spim.o
 .text.SPIM0_SPIS0_TWIM0_TWIS0_SPI0_TWI0_IRQHandler
                0x00000000000023f4       0x18 Output/Debug/Obj/spi_pca10040/nrfx_spim.o
                0x00000000000023f4                SPIM0_SPIS0_TWIM0_TWIS0_SPI0_TWI0_IRQHandler
 .text.__NVIC_EnableIRQ
                0x000000000000240c       0x34 Output/Debug/Obj/spi_pca10040/nrfx_uart.o
 .text.__NVIC_DisableIRQ
                0x0000000000002440       0x44 Output/Debug/Obj/spi_pca10040/nrfx_uart.o
 .text.__NVIC_SetPriority
                0x0000000000002484       0x50 Output/Debug/Obj/spi_pca10040/nrfx_uart.o
 .text.nrfx_get_irq_number
                0x00000000000024d4       0x10 Output/Debug/Obj/spi_pca10040/nrfx_uart.o
 .text._NRFX_IRQ_PRIORITY_SET
                0x00000000000024e4       0x40 Output/Debug/Obj/spi_pca10040/nrfx_uart.o
 .text._NRFX_IRQ_ENABLE
                0x0000000000002524       0x1c Output/Debug/Obj/spi_pca10040/nrfx_uart.o
 .text._NRFX_IRQ_DISABLE
                0x0000000000002540       0x1c Output/Debug/Obj/spi_pca10040/nrfx_uart.o
 .text.nrf_uart_event_clear
                0x000000000000255c       0x2a Output/Debug/Obj/spi_pca10040/nrfx_uart.o
 .text.nrf_uart_event_check
                0x0000000000002586       0x24 Output/Debug/Obj/spi_pca10040/nrfx_uart.o
 .text.nrf_uart_int_enable
                0x00000000000025aa       0x14 Output/Debug/Obj/spi_pca10040/nrfx_uart.o
 .text.nrf_uart_int_enable_check
                0x00000000000025be       0x20 Output/Debug/Obj/spi_pca10040/nrfx_uart.o
 .text.nrf_uart_int_disable
                0x00000000000025de       0x14 Output/Debug/Obj/spi_pca10040/nrfx_uart.o
 .text.nrf_uart_errorsrc_get_and_clear
                0x00000000000025f2       0x1c Output/Debug/Obj/spi_pca10040/nrfx_uart.o
 .text.nrf_uart_enable
                0x000000000000260e       0x12 Output/Debug/Obj/spi_pca10040/nrfx_uart.o
 .text.nrf_uart_disable
                0x0000000000002620       0x12 Output/Debug/Obj/spi_pca10040/nrfx_uart.o
 .text.nrf_uart_txrx_pins_set
                0x0000000000002632       0x1e Output/Debug/Obj/spi_pca10040/nrfx_uart.o
 .text.nrf_uart_txrx_pins_disconnect
                0x0000000000002650       0x1c Output/Debug/Obj/spi_pca10040/nrfx_uart.o
 .text.nrf_uart_tx_pin_get
                0x000000000000266c       0x10 Output/Debug/Obj/spi_pca10040/nrfx_uart.o
 .text.nrf_uart_rx_pin_get
                0x000000000000267c       0x10 Output/Debug/Obj/spi_pca10040/nrfx_uart.o
 .text.nrf_uart_rts_pin_get
                0x000000000000268c       0x10 Output/Debug/Obj/spi_pca10040/nrfx_uart.o
 .text.nrf_uart_cts_pin_get
                0x000000000000269c       0x10 Output/Debug/Obj/spi_pca10040/nrfx_uart.o
 .text.nrf_uart_hwfc_pins_set
                0x00000000000026ac       0x1e Output/Debug/Obj/spi_pca10040/nrfx_uart.o
 .text.nrf_uart_hwfc_pins_disconnect
                0x00000000000026ca       0x1c Output/Debug/Obj/spi_pca10040/nrfx_uart.o
 .text.nrf_uart_rxd_get
                0x00000000000026e6       0x12 Output/Debug/Obj/spi_pca10040/nrfx_uart.o
 .text.nrf_uart_txd_set
                0x00000000000026f8       0x1a Output/Debug/Obj/spi_pca10040/nrfx_uart.o
 .text.nrf_uart_task_trigger
                0x0000000000002712       0x1c Output/Debug/Obj/spi_pca10040/nrfx_uart.o
 .text.nrf_uart_configure
                0x000000000000272e       0x2a Output/Debug/Obj/spi_pca10040/nrfx_uart.o
 .text.nrf_uart_baudrate_set
                0x0000000000002758       0x14 Output/Debug/Obj/spi_pca10040/nrfx_uart.o
 .text.nrf_gpio_pin_port_decode
                0x000000000000276c       0x30 Output/Debug/Obj/spi_pca10040/nrfx_uart.o
 .text.nrf_gpio_cfg
                0x000000000000279c       0x62 Output/Debug/Obj/spi_pca10040/nrfx_uart.o
 .text.nrf_gpio_cfg_output
                0x00000000000027fe       0x22 Output/Debug/Obj/spi_pca10040/nrfx_uart.o
 .text.nrf_gpio_cfg_input
                0x0000000000002820       0x2a Output/Debug/Obj/spi_pca10040/nrfx_uart.o
 .text.nrf_gpio_cfg_default
                0x000000000000284a       0x22 Output/Debug/Obj/spi_pca10040/nrfx_uart.o
 .text.nrf_gpio_pin_set
                0x000000000000286c       0x28 Output/Debug/Obj/spi_pca10040/nrfx_uart.o
 .text.nrf_gpio_port_out_set
                0x0000000000002894       0x14 Output/Debug/Obj/spi_pca10040/nrfx_uart.o
 .text.nrf_gpio_pin_present_check
                0x00000000000028a8       0x40 Output/Debug/Obj/spi_pca10040/nrfx_uart.o
 .text.apply_config
                0x00000000000028e8       0xc6 Output/Debug/Obj/spi_pca10040/nrfx_uart.o
 *fill*         0x00000000000029ae        0x2 
 .text.interrupts_enable
                0x00000000000029b0       0x6c Output/Debug/Obj/spi_pca10040/nrfx_uart.o
 .text.interrupts_disable
                0x0000000000002a1c       0x30 Output/Debug/Obj/spi_pca10040/nrfx_uart.o
 .text.pins_to_default
                0x0000000000002a4c       0x8a Output/Debug/Obj/spi_pca10040/nrfx_uart.o
 *fill*         0x0000000000002ad6        0x2 
 .text.nrfx_uart_init
                0x0000000000002ad8       0xd4 Output/Debug/Obj/spi_pca10040/nrfx_uart.o
                0x0000000000002ad8                nrfx_uart_init
 .text.nrfx_uart_uninit
                0x0000000000002bac       0x5c Output/Debug/Obj/spi_pca10040/nrfx_uart.o
                0x0000000000002bac                nrfx_uart_uninit
 .text.tx_byte  0x0000000000002c08       0x40 Output/Debug/Obj/spi_pca10040/nrfx_uart.o
 .text.tx_blocking
                0x0000000000002c48       0x52 Output/Debug/Obj/spi_pca10040/nrfx_uart.o
 *fill*         0x0000000000002c9a        0x2 
 .text.nrfx_uart_tx
                0x0000000000002c9c      0x110 Output/Debug/Obj/spi_pca10040/nrfx_uart.o
                0x0000000000002c9c                nrfx_uart_tx
 .text.nrfx_uart_tx_in_progress
                0x0000000000002dac       0x2c Output/Debug/Obj/spi_pca10040/nrfx_uart.o
                0x0000000000002dac                nrfx_uart_tx_in_progress
 .text.rx_byte  0x0000000000002dd8       0x4e Output/Debug/Obj/spi_pca10040/nrfx_uart.o
 .text.rx_done_event
                0x0000000000002e26       0x2e Output/Debug/Obj/spi_pca10040/nrfx_uart.o
 .text.tx_done_event
                0x0000000000002e54       0x34 Output/Debug/Obj/spi_pca10040/nrfx_uart.o
 .text.uart_irq_handler
                0x0000000000002e88      0x1de Output/Debug/Obj/spi_pca10040/nrfx_uart.o
 *fill*         0x0000000000003066        0x2 
 .text.nrfx_uart_0_irq_handler
                0x0000000000003068       0x18 Output/Debug/Obj/spi_pca10040/nrfx_uart.o
                0x0000000000003068                nrfx_uart_0_irq_handler
 .text.__NVIC_EnableIRQ
                0x0000000000003080       0x34 Output/Debug/Obj/spi_pca10040/nrfx_uarte.o
 .text.__NVIC_DisableIRQ
                0x00000000000030b4       0x44 Output/Debug/Obj/spi_pca10040/nrfx_uarte.o
 .text.__NVIC_SetPriority
                0x00000000000030f8       0x50 Output/Debug/Obj/spi_pca10040/nrfx_uarte.o
 .text.nrfx_is_in_ram
                0x0000000000003148       0x1c Output/Debug/Obj/spi_pca10040/nrfx_uarte.o
 .text.nrfx_get_irq_number
                0x0000000000003164       0x10 Output/Debug/Obj/spi_pca10040/nrfx_uarte.o
 .text._NRFX_IRQ_PRIORITY_SET
                0x0000000000003174       0x40 Output/Debug/Obj/spi_pca10040/nrfx_uarte.o
 .text._NRFX_IRQ_ENABLE
                0x00000000000031b4       0x1c Output/Debug/Obj/spi_pca10040/nrfx_uarte.o
 .text._NRFX_IRQ_DISABLE
                0x00000000000031d0       0x1c Output/Debug/Obj/spi_pca10040/nrfx_uarte.o
 .text.nrf_uarte_event_clear
                0x00000000000031ec       0x2a Output/Debug/Obj/spi_pca10040/nrfx_uarte.o
 .text.nrf_uarte_event_check
                0x0000000000003216       0x24 Output/Debug/Obj/spi_pca10040/nrfx_uarte.o
 .text.nrf_uarte_shorts_disable
                0x000000000000323a       0x1e Output/Debug/Obj/spi_pca10040/nrfx_uarte.o
 .text.nrf_uarte_int_enable
                0x0000000000003258       0x14 Output/Debug/Obj/spi_pca10040/nrfx_uarte.o
 .text.nrf_uarte_int_disable
                0x000000000000326c       0x14 Output/Debug/Obj/spi_pca10040/nrfx_uarte.o
 .text.nrf_uarte_errorsrc_get_and_clear
                0x0000000000003280       0x1c Output/Debug/Obj/spi_pca10040/nrfx_uarte.o
 .text.nrf_uarte_enable
                0x000000000000329c       0x12 Output/Debug/Obj/spi_pca10040/nrfx_uarte.o
 .text.nrf_uarte_disable
                0x00000000000032ae       0x12 Output/Debug/Obj/spi_pca10040/nrfx_uarte.o
 .text.nrf_uarte_txrx_pins_set
                0x00000000000032c0       0x1e Output/Debug/Obj/spi_pca10040/nrfx_uarte.o
 .text.nrf_uarte_txrx_pins_disconnect
                0x00000000000032de       0x1c Output/Debug/Obj/spi_pca10040/nrfx_uarte.o
 .text.nrf_uarte_tx_pin_get
                0x00000000000032fa       0x10 Output/Debug/Obj/spi_pca10040/nrfx_uarte.o
 .text.nrf_uarte_rx_pin_get
                0x000000000000330a       0x10 Output/Debug/Obj/spi_pca10040/nrfx_uarte.o
 .text.nrf_uarte_rts_pin_get
                0x000000000000331a       0x10 Output/Debug/Obj/spi_pca10040/nrfx_uarte.o
 .text.nrf_uarte_cts_pin_get
                0x000000000000332a       0x10 Output/Debug/Obj/spi_pca10040/nrfx_uarte.o
 .text.nrf_uarte_hwfc_pins_set
                0x000000000000333a       0x1e Output/Debug/Obj/spi_pca10040/nrfx_uarte.o
 .text.nrf_uarte_hwfc_pins_disconnect
                0x0000000000003358       0x1c Output/Debug/Obj/spi_pca10040/nrfx_uarte.o
 .text.nrf_uarte_task_trigger
                0x0000000000003374       0x1c Output/Debug/Obj/spi_pca10040/nrfx_uarte.o
 .text.nrf_uarte_configure
                0x0000000000003390       0x2a Output/Debug/Obj/spi_pca10040/nrfx_uarte.o
 .text.nrf_uarte_baudrate_set
                0x00000000000033ba       0x14 Output/Debug/Obj/spi_pca10040/nrfx_uarte.o
 .text.nrf_uarte_tx_buffer_set
                0x00000000000033ce       0x1e Output/Debug/Obj/spi_pca10040/nrfx_uarte.o
 .text.nrf_uarte_tx_amount_get
                0x00000000000033ec       0x10 Output/Debug/Obj/spi_pca10040/nrfx_uarte.o
 .text.nrf_uarte_rx_amount_get
                0x00000000000033fc       0x10 Output/Debug/Obj/spi_pca10040/nrfx_uarte.o
 .text.nrf_gpio_pin_port_decode
                0x000000000000340c       0x30 Output/Debug/Obj/spi_pca10040/nrfx_uarte.o
 .text.nrf_gpio_cfg
                0x000000000000343c       0x62 Output/Debug/Obj/spi_pca10040/nrfx_uarte.o
 .text.nrf_gpio_cfg_output
                0x000000000000349e       0x22 Output/Debug/Obj/spi_pca10040/nrfx_uarte.o
 .text.nrf_gpio_cfg_input
                0x00000000000034c0       0x2a Output/Debug/Obj/spi_pca10040/nrfx_uarte.o
 .text.nrf_gpio_cfg_default
                0x00000000000034ea       0x22 Output/Debug/Obj/spi_pca10040/nrfx_uarte.o
 .text.nrf_gpio_pin_set
                0x000000000000350c       0x28 Output/Debug/Obj/spi_pca10040/nrfx_uarte.o
 .text.nrf_gpio_port_out_set
                0x0000000000003534       0x14 Output/Debug/Obj/spi_pca10040/nrfx_uarte.o
 .text.nrf_gpio_pin_present_check
                0x0000000000003548       0x40 Output/Debug/Obj/spi_pca10040/nrfx_uarte.o
 .text.apply_config
                0x0000000000003588       0xc6 Output/Debug/Obj/spi_pca10040/nrfx_uarte.o
 *fill*         0x000000000000364e        0x2 
 .text.interrupts_enable
                0x0000000000003650       0x98 Output/Debug/Obj/spi_pca10040/nrfx_uarte.o
 .text.interrupts_disable
                0x00000000000036e8       0x30 Output/Debug/Obj/spi_pca10040/nrfx_uarte.o
 .text.pins_to_default
                0x0000000000003718       0x8a Output/Debug/Obj/spi_pca10040/nrfx_uarte.o
 *fill*         0x00000000000037a2        0x2 
 .text.nrfx_uarte_init
                0x00000000000037a4       0xcc Output/Debug/Obj/spi_pca10040/nrfx_uarte.o
                0x00000000000037a4                nrfx_uarte_init
 .text.nrfx_uarte_uninit
                0x0000000000003870       0xc4 Output/Debug/Obj/spi_pca10040/nrfx_uarte.o
                0x0000000000003870                nrfx_uarte_uninit
 .text.nrfx_uarte_tx
                0x0000000000003934      0x17c Output/Debug/Obj/spi_pca10040/nrfx_uarte.o
                0x0000000000003934                nrfx_uarte_tx
 .text.nrfx_uarte_tx_in_progress
                0x0000000000003ab0       0x30 Output/Debug/Obj/spi_pca10040/nrfx_uarte.o
                0x0000000000003ab0                nrfx_uarte_tx_in_progress
 .text.rx_done_event
                0x0000000000003ae0       0x2e Output/Debug/Obj/spi_pca10040/nrfx_uarte.o
 .text.tx_done_event
                0x0000000000003b0e       0x34 Output/Debug/Obj/spi_pca10040/nrfx_uarte.o
 .text.uarte_irq_handler
                0x0000000000003b42      0x18c Output/Debug/Obj/spi_pca10040/nrfx_uarte.o
 *fill*         0x0000000000003cce        0x2 
 .text.nrfx_uarte_0_irq_handler
                0x0000000000003cd0       0x18 Output/Debug/Obj/spi_pca10040/nrfx_uarte.o
                0x0000000000003cd0                nrfx_uarte_0_irq_handler
 .text.app_error_save_and_stop
                0x0000000000003ce8       0x98 Output/Debug/Obj/spi_pca10040/app_error.o
                0x0000000000003ce8                app_error_save_and_stop
 .text.app_error_handler
                0x0000000000003d80       0x1c Output/Debug/Obj/spi_pca10040/app_error_handler_gcc.o
                0x0000000000003d80                app_error_handler
 .text.app_error_fault_handler
                0x0000000000003d9c      0x104 Output/Debug/Obj/spi_pca10040/app_error_weak.o
                0x0000000000003d9c                app_error_fault_handler
 .text.app_util_disable_irq
                0x0000000000003ea0       0x18 Output/Debug/Obj/spi_pca10040/app_util_platform.o
                0x0000000000003ea0                app_util_disable_irq
 .text.app_util_enable_irq
                0x0000000000003eb8       0x20 Output/Debug/Obj/spi_pca10040/app_util_platform.o
                0x0000000000003eb8                app_util_enable_irq
 .text.app_util_critical_region_enter
                0x0000000000003ed8       0x28 Output/Debug/Obj/spi_pca10040/app_util_platform.o
                0x0000000000003ed8                app_util_critical_region_enter
 .text.app_util_critical_region_exit
                0x0000000000003f00       0x2c Output/Debug/Obj/spi_pca10040/app_util_platform.o
                0x0000000000003f00                app_util_critical_region_exit
 .text.privilege_level_get
                0x0000000000003f2c       0x3a Output/Debug/Obj/spi_pca10040/app_util_platform.o
                0x0000000000003f2c                privilege_level_get
 *fill*         0x0000000000003f66        0x2 
 .text.RTC1_IRQHandler
                0x0000000000003f68       0x1c Output/Debug/Obj/spi_pca10040/drv_rtc.o
                0x0000000000003f68                RTC1_IRQHandler
 .text.assert_nrf_callback
                0x0000000000003f84       0x2c Output/Debug/Obj/spi_pca10040/nrf_assert.o
                0x0000000000003f84                assert_nrf_callback
 .text.nrf_atomic_u32_fetch_store
                0x0000000000003fb0       0x2e Output/Debug/Obj/spi_pca10040/nrf_atomic.o
                0x0000000000003fb0                nrf_atomic_u32_fetch_store
 .text.nrf_atomic_u32_or
                0x0000000000003fde       0x30 Output/Debug/Obj/spi_pca10040/nrf_atomic.o
                0x0000000000003fde                nrf_atomic_u32_or
 .text.nrf_atomic_u32_fetch_and
                0x000000000000400e       0x30 Output/Debug/Obj/spi_pca10040/nrf_atomic.o
                0x000000000000400e                nrf_atomic_u32_fetch_and
 .text.nrf_atomic_u32_add
                0x000000000000403e       0x30 Output/Debug/Obj/spi_pca10040/nrf_atomic.o
                0x000000000000403e                nrf_atomic_u32_add
 .text.nrf_atomic_u32_sub
                0x000000000000406e       0x30 Output/Debug/Obj/spi_pca10040/nrf_atomic.o
                0x000000000000406e                nrf_atomic_u32_sub
 .text.nrf_atomic_flag_set
                0x000000000000409e       0x18 Output/Debug/Obj/spi_pca10040/nrf_atomic.o
                0x000000000000409e                nrf_atomic_flag_set
 .text.nrf_atomic_flag_clear_fetch
                0x00000000000040b6       0x18 Output/Debug/Obj/spi_pca10040/nrf_atomic.o
                0x00000000000040b6                nrf_atomic_flag_clear_fetch
 *fill*         0x00000000000040ce        0x2 
 .text.nrf_balloc_idx2block
                0x00000000000040d0       0x38 Output/Debug/Obj/spi_pca10040/nrf_balloc.o
 .text.nrf_balloc_block2idx
                0x0000000000004108       0x34 Output/Debug/Obj/spi_pca10040/nrf_balloc.o
 .text.nrf_balloc_init
                0x000000000000413c       0xb8 Output/Debug/Obj/spi_pca10040/nrf_balloc.o
                0x000000000000413c                nrf_balloc_init
 .text.nrf_balloc_alloc
                0x00000000000041f4       0x84 Output/Debug/Obj/spi_pca10040/nrf_balloc.o
                0x00000000000041f4                nrf_balloc_alloc
 .text.nrf_balloc_free
                0x0000000000004278       0x58 Output/Debug/Obj/spi_pca10040/nrf_balloc.o
                0x0000000000004278                nrf_balloc_free
 .text.nrf_fprintf_buffer_flush
                0x00000000000042d0       0x44 Output/Debug/Obj/spi_pca10040/nrf_fprintf.o
                0x00000000000042d0                nrf_fprintf_buffer_flush
 .text.nrf_fprintf
                0x0000000000004314       0x74 Output/Debug/Obj/spi_pca10040/nrf_fprintf.o
                0x0000000000004314                nrf_fprintf
 .text.buffer_add
                0x0000000000004388       0x4c Output/Debug/Obj/spi_pca10040/nrf_fprintf_format.o
 .text.string_print
                0x00000000000043d4       0xc2 Output/Debug/Obj/spi_pca10040/nrf_fprintf_format.o
 *fill*         0x0000000000004496        0x2 
 .text.unsigned_print
                0x0000000000004498      0x130 Output/Debug/Obj/spi_pca10040/nrf_fprintf_format.o
 .text.int_print
                0x00000000000045c8      0x11c Output/Debug/Obj/spi_pca10040/nrf_fprintf_format.o
 .text.nrf_fprintf_fmt
                0x00000000000046e4      0x388 Output/Debug/Obj/spi_pca10040/nrf_fprintf_format.o
                0x00000000000046e4                nrf_fprintf_fmt
 .text.nrf_memobj_pool_init
                0x0000000000004a6c       0x16 Output/Debug/Obj/spi_pca10040/nrf_memobj.o
                0x0000000000004a6c                nrf_memobj_pool_init
 .text.nrf_memobj_alloc
                0x0000000000004a82       0xae Output/Debug/Obj/spi_pca10040/nrf_memobj.o
                0x0000000000004a82                nrf_memobj_alloc
 .text.nrf_memobj_free
                0x0000000000004b30       0x74 Output/Debug/Obj/spi_pca10040/nrf_memobj.o
                0x0000000000004b30                nrf_memobj_free
 .text.nrf_memobj_get
                0x0000000000004ba4       0x1e Output/Debug/Obj/spi_pca10040/nrf_memobj.o
                0x0000000000004ba4                nrf_memobj_get
 .text.nrf_memobj_put
                0x0000000000004bc2       0x34 Output/Debug/Obj/spi_pca10040/nrf_memobj.o
                0x0000000000004bc2                nrf_memobj_put
 *fill*         0x0000000000004bf6        0x2 
 .text.memobj_op
                0x0000000000004bf8      0x124 Output/Debug/Obj/spi_pca10040/nrf_memobj.o
 .text.nrf_memobj_write
                0x0000000000004d1c       0x3c Output/Debug/Obj/spi_pca10040/nrf_memobj.o
                0x0000000000004d1c                nrf_memobj_write
 .text.nrf_memobj_read
                0x0000000000004d58       0x40 Output/Debug/Obj/spi_pca10040/nrf_memobj.o
                0x0000000000004d58                nrf_memobj_read
 .text.nrf_ringbuf_init
                0x0000000000004d98       0x3a Output/Debug/Obj/spi_pca10040/nrf_ringbuf.o
                0x0000000000004d98                nrf_ringbuf_init
 *fill*         0x0000000000004dd2        0x2 
 .text.nrf_strerror_get
                0x0000000000004dd4       0x28 Output/Debug/Obj/spi_pca10040/nrf_strerror.o
                0x0000000000004dd4                nrf_strerror_get
 .text.nrf_strerror_find
                0x0000000000004dfc       0x68 Output/Debug/Obj/spi_pca10040/nrf_strerror.o
                0x0000000000004dfc                nrf_strerror_find
 .text.nrf_log_backend_serial_put
                0x0000000000004e64      0x124 Output/Debug/Obj/spi_pca10040/nrf_log_backend_serial.o
                0x0000000000004e64                nrf_log_backend_serial_put
 .text.nrf_drv_uart_uninit
                0x0000000000004f88       0x44 Output/Debug/Obj/spi_pca10040/nrf_log_backend_uart.o
 .text.nrf_drv_uart_tx
                0x0000000000004fcc       0x64 Output/Debug/Obj/spi_pca10040/nrf_log_backend_uart.o
 .text.uart_evt_handler
                0x0000000000005030       0x18 Output/Debug/Obj/spi_pca10040/nrf_log_backend_uart.o
 .text.uart_init
                0x0000000000005048       0x88 Output/Debug/Obj/spi_pca10040/nrf_log_backend_uart.o
 .text.nrf_log_backend_uart_init
                0x00000000000050d0       0x1c Output/Debug/Obj/spi_pca10040/nrf_log_backend_uart.o
                0x00000000000050d0                nrf_log_backend_uart_init
 .text.serial_tx
                0x00000000000050ec       0x6c Output/Debug/Obj/spi_pca10040/nrf_log_backend_uart.o
 .text.nrf_log_backend_uart_put
                0x0000000000005158       0x28 Output/Debug/Obj/spi_pca10040/nrf_log_backend_uart.o
 .text.nrf_log_backend_uart_flush
                0x0000000000005180        0xa Output/Debug/Obj/spi_pca10040/nrf_log_backend_uart.o
 *fill*         0x000000000000518a        0x2 
 .text.nrf_log_backend_uart_panic_set
                0x000000000000518c       0x20 Output/Debug/Obj/spi_pca10040/nrf_log_backend_uart.o
 .text.nrf_log_backend_enable
                0x00000000000051ac       0x12 Output/Debug/Obj/spi_pca10040/nrf_log_default_backends.o
 *fill*         0x00000000000051be        0x2 
 .text.nrf_log_default_backends_init
                0x00000000000051c0       0x3c Output/Debug/Obj/spi_pca10040/nrf_log_default_backends.o
                0x00000000000051c0                nrf_log_default_backends_init
 .text.nrf_log_backend_put
                0x00000000000051fc       0x1c Output/Debug/Obj/spi_pca10040/nrf_log_frontend.o
 .text.nrf_log_backend_panic_set
                0x0000000000005218       0x18 Output/Debug/Obj/spi_pca10040/nrf_log_frontend.o
 .text.nrf_log_backend_flush
                0x0000000000005230       0x18 Output/Debug/Obj/spi_pca10040/nrf_log_frontend.o
 .text.nrf_log_backend_id_set
                0x0000000000005248       0x1a Output/Debug/Obj/spi_pca10040/nrf_log_frontend.o
 .text.nrf_log_backend_id_get
                0x0000000000005262       0x10 Output/Debug/Obj/spi_pca10040/nrf_log_frontend.o
 .text.nrf_log_backend_enable
                0x0000000000005272       0x12 Output/Debug/Obj/spi_pca10040/nrf_log_frontend.o
 .text.nrf_log_backend_is_enabled
                0x0000000000005284       0x10 Output/Debug/Obj/spi_pca10040/nrf_log_frontend.o
 .text.nrf_log_init
                0x0000000000005294       0x50 Output/Debug/Obj/spi_pca10040/nrf_log_frontend.o
                0x0000000000005294                nrf_log_init
 .text.nrf_log_module_cnt_get
                0x00000000000052e4       0x14 Output/Debug/Obj/spi_pca10040/nrf_log_frontend.o
                0x00000000000052e4                nrf_log_module_cnt_get
 .text.module_idx_get
                0x00000000000052f8       0x64 Output/Debug/Obj/spi_pca10040/nrf_log_frontend.o
 .text.nrf_log_module_name_get
                0x000000000000535c       0x40 Output/Debug/Obj/spi_pca10040/nrf_log_frontend.o
                0x000000000000535c                nrf_log_module_name_get
 .text.nrf_log_color_id_get
                0x000000000000539c       0x70 Output/Debug/Obj/spi_pca10040/nrf_log_frontend.o
                0x000000000000539c                nrf_log_color_id_get
 .text.invalid_packets_omit
                0x000000000000540c       0x6e Output/Debug/Obj/spi_pca10040/nrf_log_frontend.o
 *fill*         0x000000000000547a        0x2 
 .text.log_skip
                0x000000000000547c      0x118 Output/Debug/Obj/spi_pca10040/nrf_log_frontend.o
 .text.dropped_sat16_get
                0x0000000000005594       0x28 Output/Debug/Obj/spi_pca10040/nrf_log_frontend.o
 .text.std_header_set
                0x00000000000055bc       0xb4 Output/Debug/Obj/spi_pca10040/nrf_log_frontend.o
 .text.log_pending_hook
                0x0000000000005670        0x4 Output/Debug/Obj/spi_pca10040/nrf_log_frontend.o
                0x0000000000005670                log_pending_hook
 .text.buf_prealloc
                0x0000000000005674      0x128 Output/Debug/Obj/spi_pca10040/nrf_log_frontend.o
 .text.std_n    0x000000000000579c       0x94 Output/Debug/Obj/spi_pca10040/nrf_log_frontend.o
 .text.nrf_log_frontend_std_0
                0x0000000000005830       0x1c Output/Debug/Obj/spi_pca10040/nrf_log_frontend.o
                0x0000000000005830                nrf_log_frontend_std_0
 .text.nrf_log_frontend_std_1
                0x000000000000584c       0x22 Output/Debug/Obj/spi_pca10040/nrf_log_frontend.o
                0x000000000000584c                nrf_log_frontend_std_1
 .text.nrf_log_frontend_std_2
                0x000000000000586e       0x28 Output/Debug/Obj/spi_pca10040/nrf_log_frontend.o
                0x000000000000586e                nrf_log_frontend_std_2
 .text.nrf_log_frontend_std_5
                0x0000000000005896       0x34 Output/Debug/Obj/spi_pca10040/nrf_log_frontend.o
                0x0000000000005896                nrf_log_frontend_std_5
 *fill*         0x00000000000058ca        0x2 
 .text.buffer_is_empty
                0x00000000000058cc       0x1c Output/Debug/Obj/spi_pca10040/nrf_log_frontend.o
                0x00000000000058cc                buffer_is_empty
 .text.nrf_log_frontend_dequeue
                0x00000000000058e8      0x3a0 Output/Debug/Obj/spi_pca10040/nrf_log_frontend.o
                0x00000000000058e8                nrf_log_frontend_dequeue
 .text.backend_id_assign
                0x0000000000005c88       0x68 Output/Debug/Obj/spi_pca10040/nrf_log_frontend.o
 .text.nrf_log_backend_add
                0x0000000000005cf0       0x70 Output/Debug/Obj/spi_pca10040/nrf_log_frontend.o
                0x0000000000005cf0                nrf_log_backend_add
 .text.nrf_log_panic
                0x0000000000005d60       0x3c Output/Debug/Obj/spi_pca10040/nrf_log_frontend.o
                0x0000000000005d60                nrf_log_panic
 .text.timestamp_print
                0x0000000000005d9c        0xc Output/Debug/Obj/spi_pca10040/nrf_log_str_formatter.o
 .text.prefix_process
                0x0000000000005da8       0xb0 Output/Debug/Obj/spi_pca10040/nrf_log_str_formatter.o
 .text.postfix_process
                0x0000000000005e58       0x60 Output/Debug/Obj/spi_pca10040/nrf_log_str_formatter.o
 .text.nrf_log_std_entry_process
                0x0000000000005eb8      0x144 Output/Debug/Obj/spi_pca10040/nrf_log_str_formatter.o
                0x0000000000005eb8                nrf_log_std_entry_process
 .text.nrf_log_hexdump_entry_process
                0x0000000000005ffc       0xf0 Output/Debug/Obj/spi_pca10040/nrf_log_str_formatter.o
                0x0000000000005ffc                nrf_log_hexdump_entry_process
 .text.libc.__SEGGER_RTL_ascii_mbtowc
                0x00000000000060ec       0x30 C:/Program Files/SEGGER/SEGGER Embedded Studio for ARM 6.40/lib/libc_v7em_fpv4_sp_d16_hard_t_le_eabi_balanced.a(mbops.o)
                0x00000000000060ec                __SEGGER_RTL_ascii_mbtowc
 .text.libc.__SEGGER_RTL_ascii_wctomb
                0x000000000000611c        0xe C:/Program Files/SEGGER/SEGGER Embedded Studio for ARM 6.40/lib/libc_v7em_fpv4_sp_d16_hard_t_le_eabi_balanced.a(mbops.o)
                0x000000000000611c                __SEGGER_RTL_ascii_wctomb
 .text.libc.__SEGGER_RTL_isctype
                0x000000000000612a       0x20 C:/Program Files/SEGGER/SEGGER Embedded Studio for ARM 6.40/lib/libc_v7em_fpv4_sp_d16_hard_t_le_eabi_balanced.a(mbops.o)
 .text.libc.isprint
                0x000000000000614a        0x6 C:/Program Files/SEGGER/SEGGER Embedded Studio for ARM 6.40/lib/libc_v7em_fpv4_sp_d16_hard_t_le_eabi_balanced.a(mbops.o)
                0x000000000000614a                isprint
 .text.libc.__SEGGER_RTL_ascii_isctype
                0x0000000000006150       0x20 C:/Program Files/SEGGER/SEGGER Embedded Studio for ARM 6.40/lib/libc_v7em_fpv4_sp_d16_hard_t_le_eabi_balanced.a(mbops.o)
 .text.libc.__SEGGER_RTL_ascii_toupper
                0x0000000000006170        0xc C:/Program Files/SEGGER/SEGGER Embedded Studio for ARM 6.40/lib/libc_v7em_fpv4_sp_d16_hard_t_le_eabi_balanced.a(mbops.o)
 .text.libc.__SEGGER_RTL_ascii_tolower
                0x000000000000617c        0xc C:/Program Files/SEGGER/SEGGER Embedded Studio for ARM 6.40/lib/libc_v7em_fpv4_sp_d16_hard_t_le_eabi_balanced.a(mbops.o)
 .text.libc.__SEGGER_RTL_ascii_iswctype
                0x0000000000006188       0x20 C:/Program Files/SEGGER/SEGGER Embedded Studio for ARM 6.40/lib/libc_v7em_fpv4_sp_d16_hard_t_le_eabi_balanced.a(mbops.o)
 .text.libc.__SEGGER_RTL_ascii_towupper
                0x00000000000061a8        0xc C:/Program Files/SEGGER/SEGGER Embedded Studio for ARM 6.40/lib/libc_v7em_fpv4_sp_d16_hard_t_le_eabi_balanced.a(mbops.o)
 .text.libc.__SEGGER_RTL_ascii_towlower
                0x00000000000061b4        0xc C:/Program Files/SEGGER/SEGGER Embedded Studio for ARM 6.40/lib/libc_v7em_fpv4_sp_d16_hard_t_le_eabi_balanced.a(mbops.o)
 .text.libc.strlen
                0x00000000000061c0       0x60 C:/Program Files/SEGGER/SEGGER Embedded Studio for ARM 6.40/lib/libc_v7em_fpv4_sp_d16_hard_t_le_eabi_balanced.a(strasmops_arm.o)
                0x00000000000061c0                strlen
 .text.libc.memcpy
                0x0000000000006220       0x64 C:/Program Files/SEGGER/SEGGER Embedded Studio for ARM 6.40/lib/libc_v7em_fpv4_sp_d16_hard_t_le_eabi_balanced.a(strasmops_arm.o)
                0x0000000000006220                __aeabi_memcpy
                0x0000000000006220                memcpy
                0x0000000000006242                __aeabi_memcpy8
                0x0000000000006242                __aeabi_memcpy4
 .text.__SEGGER_RTL_init_heap
                0x0000000000006284       0x14 C:/Program Files/SEGGER/SEGGER Embedded Studio for ARM 6.40/lib/heapops_basic_v7em_little.a(heapops_basic.o)
                0x0000000000006284                __SEGGER_RTL_init_heap
                0x0000000000006298                __text_end__ = (__text_start__ + SIZEOF (.text))
                0x0000000000005ecc                __text_size__ = SIZEOF (.text)
                0x0000000000006298                __text_load_end__ = __text_end__

.vfp11_veneer   0x0000000100000000        0x0
 .vfp11_veneer  0x0000000100000000        0x0 linker stubs

.v4_bx          0x0000000100000000        0x0
 .v4_bx         0x0000000100000000        0x0 linker stubs

.iplt           0x0000000100000000        0x0
 .iplt          0x0000000100000000        0x0 Output/Debug/Obj/spi_pca10040/main.o
                0x0000000000000001                . = ASSERT (((__text_start__ == __text_end__) || ((__text_end__ - __FLASH1_segment_start__) <= __FLASH1_segment_size__)), error: .text is too large to fit in FLASH1 memory segment)
                0x0000000000006298                __log_const_data_load_start__ = ALIGN (__text_end__, 0x4)

.log_const_data
                0x0000000000006298       0x48
                0x0000000000006298                __log_const_data_start__ = .
                0x0000000000006298                __start_log_const_data = __log_const_data_start__
 *(SORT_BY_NAME(.log_const_data*))
 .log_const_data_GPIOTE
                0x0000000000006298        0x8 Output/Debug/Obj/spi_pca10040/nrfx_gpiote.o
                0x0000000000006298                m_nrf_log_GPIOTE_logs_data_const
 .log_const_data_PRS
                0x00000000000062a0        0x8 Output/Debug/Obj/spi_pca10040/nrfx_prs.o
                0x00000000000062a0                m_nrf_log_PRS_logs_data_const
 .log_const_data_SPIM
                0x00000000000062a8        0x8 Output/Debug/Obj/spi_pca10040/nrfx_spim.o
                0x00000000000062a8                m_nrf_log_SPIM_logs_data_const
 .log_const_data_UART
                0x00000000000062b0        0x8 Output/Debug/Obj/spi_pca10040/nrfx_uart.o
                0x00000000000062b0                m_nrf_log_UART_logs_data_const
 .log_const_data_UARTE
                0x00000000000062b8        0x8 Output/Debug/Obj/spi_pca10040/nrfx_uarte.o
                0x00000000000062b8                m_nrf_log_UARTE_logs_data_const
 .log_const_data_app
                0x00000000000062c0        0x8 Output/Debug/Obj/spi_pca10040/nrf_log_frontend.o
                0x00000000000062c0                m_nrf_log_app_logs_data_const
 .log_const_data_app_button
                0x00000000000062c8        0x8 Output/Debug/Obj/spi_pca10040/app_button.o
                0x00000000000062c8                m_nrf_log_app_button_logs_data_const
 .log_const_data_app_timer
                0x00000000000062d0        0x8 Output/Debug/Obj/spi_pca10040/app_timer2.o
                0x00000000000062d0                m_nrf_log_app_timer_logs_data_const
 .log_const_data_sortlist
                0x00000000000062d8        0x8 Output/Debug/Obj/spi_pca10040/nrf_sortlist.o
                0x00000000000062d8                m_nrf_log_sortlist_logs_data_const
                0x00000000000062e0                __log_const_data_end__ = (__log_const_data_start__ + SIZEOF (.log_const_data))
                0x0000000000000048                __log_const_data_size__ = SIZEOF (.log_const_data)
                0x00000000000062e0                __stop_log_const_data = __log_const_data_end__
                0x00000000000062e0                __log_const_data_load_end__ = __log_const_data_end__
                0x0000000000000001                . = ASSERT (((__log_const_data_start__ == __log_const_data_end__) || ((__log_const_data_end__ - __FLASH1_segment_start__) <= __FLASH1_segment_size__)), error: .log_const_data is too large to fit in FLASH1 memory segment)
                0x00000000000062e0                __log_backends_load_start__ = ALIGN (__log_const_data_end__, 0x4)

.log_backends   0x00000000000062e0       0x10
                0x00000000000062e0                __log_backends_start__ = .
                0x00000000000062e0                __start_log_backends = __log_backends_start__
 *(SORT_BY_NAME(.log_backends*))
 .log_backends  0x00000000000062e0       0x10 Output/Debug/Obj/spi_pca10040/nrf_log_default_backends.o
                0x00000000000062f0                __log_backends_end__ = (__log_backends_start__ + SIZEOF (.log_backends))
                0x0000000000000010                __log_backends_size__ = SIZEOF (.log_backends)
                0x00000000000062f0                __stop_log_backends = __log_backends_end__
                0x00000000000062f0                __log_backends_load_end__ = __log_backends_end__
                0x0000000000000001                . = ASSERT (((__log_backends_start__ == __log_backends_end__) || ((__log_backends_end__ - __FLASH1_segment_start__) <= __FLASH1_segment_size__)), error: .log_backends is too large to fit in FLASH1 memory segment)
                0x00000000000062f0                __nrf_balloc_load_start__ = ALIGN (__log_backends_end__, 0x4)

.nrf_balloc     0x00000000000062f0       0x14
                0x00000000000062f0                __nrf_balloc_start__ = .
                0x00000000000062f0                __start_nrf_balloc = __nrf_balloc_start__
 *(.nrf_balloc*)
 .nrf_balloc    0x00000000000062f0       0x14 Output/Debug/Obj/spi_pca10040/nrf_log_frontend.o
                0x00000000000062f0                log_mempool
                0x0000000000006304                __nrf_balloc_end__ = (__nrf_balloc_start__ + SIZEOF (.nrf_balloc))
                0x0000000000000014                __nrf_balloc_size__ = SIZEOF (.nrf_balloc)
                0x0000000000006304                __stop_nrf_balloc = __nrf_balloc_end__
                0x0000000000006304                __nrf_balloc_load_end__ = __nrf_balloc_end__
                0x0000000000000001                . = ASSERT (((__nrf_balloc_start__ == __nrf_balloc_end__) || ((__nrf_balloc_end__ - __FLASH1_segment_start__) <= __FLASH1_segment_size__)), error: .nrf_balloc is too large to fit in FLASH1 memory segment)
                0x0000000000006304                __nrf_sections_load_start__ = ALIGN (__nrf_balloc_end__, 0x4)

.nrf_sections   0x0000000000006304        0x0
                0x0000000000006304                __nrf_sections_start__ = .
                0x0000000000006304                __start_nrf_sections = __nrf_sections_start__
 *(.nrf_sections .nrf_sections.*)
                0x0000000000006304                __nrf_sections_end__ = (__nrf_sections_start__ + SIZEOF (.nrf_sections))
                0x0000000000000000                __nrf_sections_size__ = SIZEOF (.nrf_sections)
                0x0000000000006304                __nrf_sections_load_end__ = __nrf_sections_end__
                0x0000000000000001                . = ASSERT (((__nrf_sections_start__ == __nrf_sections_end__) || ((__nrf_sections_end__ - __FLASH1_segment_start__) <= __FLASH1_segment_size__)), error: .nrf_sections is too large to fit in FLASH1 memory segment)
                0x0000000000006304                __log_dynamic_data_load_start__ = ALIGN (__nrf_sections_end__, 0x4)

.log_dynamic_data
                0x0000000020000000        0x0 load address 0x0000000000006304
                0x0000000020000000                __log_dynamic_data_start__ = .
 *(SORT_BY_NAME(.log_dynamic_data*))
                0x0000000020000000                __log_dynamic_data_end__ = (__log_dynamic_data_start__ + SIZEOF (.log_dynamic_data))
                0x0000000000000000                __log_dynamic_data_size__ = SIZEOF (.log_dynamic_data)
                0x0000000000006304                __log_dynamic_data_load_end__ = (__log_dynamic_data_load_start__ + SIZEOF (.log_dynamic_data))
                0x0000000000000001                . = ASSERT (((__log_dynamic_data_load_start__ == __log_dynamic_data_load_end__) || ((__log_dynamic_data_load_end__ - __FLASH1_segment_start__) <= __FLASH1_segment_size__)), error: .log_dynamic_data is too large to fit in FLASH1 memory segment)

.log_dynamic_data_run
                0x0000000020000000        0x0
                0x0000000020000000                __log_dynamic_data_run_start__ = .
                0x0000000020000000                __start_log_dynamic_data = __log_dynamic_data_run_start__
                0x0000000020000000                __log_dynamic_data_run_end__ = (__log_dynamic_data_run_start__ + SIZEOF (.log_dynamic_data))
                0x0000000000000000                __log_dynamic_data_run_size__ = (__log_dynamic_data_run_end__ - __log_dynamic_data_run_start__)
                0x0000000020000000                __stop_log_dynamic_data = __log_dynamic_data_run_end__
                0x0000000020000000                __log_dynamic_data_run_load_end__ = __log_dynamic_data_run_end__
                0x0000000000000001                . = ASSERT (((__log_dynamic_data_run_start__ == __log_dynamic_data_run_end__) || ((__log_dynamic_data_run_end__ - __RAM1_segment_start__) <= __RAM1_segment_size__)), error: .log_dynamic_data_run is too large to fit in RAM1 memory segment)
                0x0000000000006304                __log_filter_data_load_start__ = ALIGN ((__log_dynamic_data_load_start__ + SIZEOF (.log_dynamic_data)), 0x4)

.log_filter_data
                0x0000000020000000        0x0 load address 0x0000000000006304
                0x0000000020000000                __log_filter_data_start__ = .
 *(SORT_BY_NAME(.log_filter_data*))
                0x0000000020000000                __log_filter_data_end__ = (__log_filter_data_start__ + SIZEOF (.log_filter_data))
                0x0000000000000000                __log_filter_data_size__ = SIZEOF (.log_filter_data)
                0x0000000000006304                __log_filter_data_load_end__ = (__log_filter_data_load_start__ + SIZEOF (.log_filter_data))
                0x0000000000000001                . = ASSERT (((__log_filter_data_load_start__ == __log_filter_data_load_end__) || ((__log_filter_data_load_end__ - __FLASH1_segment_start__) <= __FLASH1_segment_size__)), error: .log_filter_data is too large to fit in FLASH1 memory segment)

.log_filter_data_run
                0x0000000020000000        0x0
                0x0000000020000000                __log_filter_data_run_start__ = .
                0x0000000020000000                __start_log_filter_data = __log_filter_data_run_start__
                0x0000000020000000                __log_filter_data_run_end__ = (__log_filter_data_run_start__ + SIZEOF (.log_filter_data))
                0x0000000000000000                __log_filter_data_run_size__ = (__log_filter_data_run_end__ - __log_filter_data_run_start__)
                0x0000000020000000                __stop_log_filter_data = __log_filter_data_run_end__
                0x0000000020000000                __log_filter_data_run_load_end__ = __log_filter_data_run_end__
                0x0000000000000001                . = ASSERT (((__log_filter_data_run_start__ == __log_filter_data_run_end__) || ((__log_filter_data_run_end__ - __RAM1_segment_start__) <= __RAM1_segment_size__)), error: .log_filter_data_run is too large to fit in RAM1 memory segment)
                0x0000000020000000                __nrf_sections_run_end_load_start__ = ALIGN (__log_filter_data_run_end__, 0x4)

.nrf_sections_run_end
                0x0000000020000000        0x0
                0x0000000020000000                __nrf_sections_run_end_start__ = .
                0x0000000020000000                __end_nrf_sections_run = __nrf_sections_run_end_start__
 *(.nrf_sections_run_end .nrf_sections_run_end.*)
                0x0000000020000000                __nrf_sections_run_end_end__ = (__nrf_sections_run_end_start__ + SIZEOF (.nrf_sections_run_end))
                0x0000000000000000                __nrf_sections_run_end_size__ = SIZEOF (.nrf_sections_run_end)
                0x0000000020000000                __nrf_sections_run_end_load_end__ = __nrf_sections_run_end_end__
                0x0000000000000001                . = ASSERT (((__nrf_sections_run_end_start__ == __nrf_sections_run_end_end__) || ((__nrf_sections_run_end_end__ - __RAM1_segment_start__) <= __RAM1_segment_size__)), error: .nrf_sections_run_end is too large to fit in RAM1 memory segment)
                0x0000000000006304                __dtors_load_start__ = ALIGN ((__log_filter_data_load_start__ + SIZEOF (.log_filter_data)), 0x4)

.dtors          0x0000000000006304        0x0
                0x0000000000006304                __dtors_start__ = .
 *(SORT_BY_NAME(.dtors.*))
 *(.dtors)
 *(.fini_array)
 *(SORT_BY_NAME(.fini_array.*))
                0x0000000000006304                __dtors_end__ = (__dtors_start__ + SIZEOF (.dtors))
                0x0000000000000000                __dtors_size__ = SIZEOF (.dtors)
                0x0000000000006304                __dtors_load_end__ = __dtors_end__
                0x0000000000000001                . = ASSERT (((__dtors_start__ == __dtors_end__) || ((__dtors_end__ - __FLASH1_segment_start__) <= __FLASH1_segment_size__)), error: .dtors is too large to fit in FLASH1 memory segment)
                0x0000000000006304                __ctors_load_start__ = ALIGN (__dtors_end__, 0x4)

.ctors          0x0000000000006304        0x0
                0x0000000000006304                __ctors_start__ = .
 *(SORT_BY_NAME(.ctors.*))
 *(.ctors)
 *(.init_array)
 *(SORT_BY_NAME(.init_array.*))
                0x0000000000006304                __ctors_end__ = (__ctors_start__ + SIZEOF (.ctors))
                0x0000000000000000                __ctors_size__ = SIZEOF (.ctors)
                0x0000000000006304                __ctors_load_end__ = __ctors_end__
                0x0000000000000001                . = ASSERT (((__ctors_start__ == __ctors_end__) || ((__ctors_end__ - __FLASH1_segment_start__) <= __FLASH1_segment_size__)), error: .ctors is too large to fit in FLASH1 memory segment)
                0x0000000000006304                __rodata_load_start__ = ALIGN (__ctors_end__, 0x4)

.rodata         0x0000000000006304      0xe49
                0x0000000000006304                __rodata_start__ = .
 *(.rodata .rodata.* .gnu.linkonce.r.*)
 .rodata.m_spi  0x0000000000006304       0x10 Output/Debug/Obj/spi_pca10040/main.o
 .rodata        0x0000000000006314       0x2d Output/Debug/Obj/spi_pca10040/main.o
 *fill*         0x0000000000006341        0xf 
 .rodata.delay_machine_code.0
                0x0000000000006350        0x6 Output/Debug/Obj/spi_pca10040/main.o
 *fill*         0x0000000000006356        0x2 
 .rodata        0x0000000000006358       0x40 Output/Debug/Obj/spi_pca10040/w25q128.o
 *fill*         0x0000000000006398        0x8 
 .rodata.delay_machine_code.0
                0x00000000000063a0        0x6 Output/Debug/Obj/spi_pca10040/w25q128.o
 *fill*         0x00000000000063a6        0x2 
 .rodata        0x00000000000063a8       0x10 Output/Debug/Obj/spi_pca10040/nrf_drv_spi.o
 .rodata        0x00000000000063b8       0x8a Output/Debug/Obj/spi_pca10040/nrfx_gpiote.o
 *fill*         0x0000000000006442        0x2 
 .rodata        0x0000000000006444       0x37 Output/Debug/Obj/spi_pca10040/nrfx_prs.o
 *fill*         0x000000000000647b        0x1 
 .rodata        0x000000000000647c       0x88 Output/Debug/Obj/spi_pca10040/nrfx_spim.o
 .rodata.irq_handlers.0
                0x0000000000006504        0x4 Output/Debug/Obj/spi_pca10040/nrfx_spim.o
 .rodata        0x0000000000006508       0x88 Output/Debug/Obj/spi_pca10040/nrfx_uart.o
 .rodata.irq_handlers.0
                0x0000000000006590        0x4 Output/Debug/Obj/spi_pca10040/nrfx_uart.o
 .rodata        0x0000000000006594       0x89 Output/Debug/Obj/spi_pca10040/nrfx_uarte.o
 *fill*         0x000000000000661d        0x3 
 .rodata.irq_handlers.0
                0x0000000000006620        0x4 Output/Debug/Obj/spi_pca10040/nrfx_uarte.o
 .rodata        0x0000000000006624       0x40 Output/Debug/Obj/spi_pca10040/app_button.o
 .rodata        0x0000000000006664       0x70 Output/Debug/Obj/spi_pca10040/app_error_weak.o
 .rodata        0x00000000000066d4       0x44 Output/Debug/Obj/spi_pca10040/app_timer2.o
 .rodata        0x0000000000006718       0x39 Output/Debug/Obj/spi_pca10040/app_util_platform.o
 *fill*         0x0000000000006751        0x3 
 .rodata        0x0000000000006754       0x34 Output/Debug/Obj/spi_pca10040/nrf_balloc.o
 .rodata        0x0000000000006788       0x2a Output/Debug/Obj/spi_pca10040/nrf_fprintf.o
 *fill*         0x00000000000067b2        0x2 
 .rodata        0x00000000000067b4       0x31 Output/Debug/Obj/spi_pca10040/nrf_fprintf_format.o
 *fill*         0x00000000000067e5        0x3 
 .rodata._aV2C.0
                0x00000000000067e8       0x10 Output/Debug/Obj/spi_pca10040/nrf_fprintf_format.o
 .rodata        0x00000000000067f8       0x34 Output/Debug/Obj/spi_pca10040/nrf_memobj.o
 .rodata        0x000000000000682c       0x44 Output/Debug/Obj/spi_pca10040/nrf_sortlist.o
 .rodata.m_unknown_str
                0x0000000000006870       0x13 Output/Debug/Obj/spi_pca10040/nrf_strerror.o
 *fill*         0x0000000000006883        0x1 
 .rodata        0x0000000000006884      0x3bd Output/Debug/Obj/spi_pca10040/nrf_strerror.o
 *fill*         0x0000000000006c41        0x3 
 .rodata.nrf_strerror_array
                0x0000000000006c44      0x118 Output/Debug/Obj/spi_pca10040/nrf_strerror.o
 .rodata        0x0000000000006d5c       0x60 Output/Debug/Obj/spi_pca10040/nrf_log_backend_uart.o
 .rodata.nrf_log_backend_uart_api
                0x0000000000006dbc        0xc Output/Debug/Obj/spi_pca10040/nrf_log_backend_uart.o
                0x0000000000006dbc                nrf_log_backend_uart_api
 .rodata        0x0000000000006dc8       0x57 Output/Debug/Obj/spi_pca10040/nrf_log_default_backends.o
 *fill*         0x0000000000006e1f        0x1 
 .rodata.m_log_push_ringbuf
                0x0000000000006e20        0xc Output/Debug/Obj/spi_pca10040/nrf_log_frontend.o
 .rodata        0x0000000000006e2c       0x51 Output/Debug/Obj/spi_pca10040/nrf_log_frontend.o
 *fill*         0x0000000000006e7d        0x3 
 .rodata        0x0000000000006e80       0xaa Output/Debug/Obj/spi_pca10040/nrf_log_str_formatter.o
 *fill*         0x0000000000006f2a        0x2 
 .rodata.libc.__SEGGER_RTL_c_locale
                0x0000000000006f2c        0xc C:/Program Files/SEGGER/SEGGER Embedded Studio for ARM 6.40/lib/libc_v7em_fpv4_sp_d16_hard_t_le_eabi_balanced.a(mbops.o)
                0x0000000000006f2c                __SEGGER_RTL_c_locale
 .rodata.libc..L.str
                0x0000000000006f38        0x2 C:/Program Files/SEGGER/SEGGER Embedded Studio for ARM 6.40/lib/libc_v7em_fpv4_sp_d16_hard_t_le_eabi_balanced.a(mbops.o)
 *fill*         0x0000000000006f3a        0x2 
 .rodata.libc.__SEGGER_RTL_codeset_ascii
                0x0000000000006f3c       0x20 C:/Program Files/SEGGER/SEGGER Embedded Studio for ARM 6.40/lib/libc_v7em_fpv4_sp_d16_hard_t_le_eabi_balanced.a(mbops.o)
                0x0000000000006f3c                __SEGGER_RTL_codeset_ascii
 .rodata.libc.__SEGGER_RTL_c_locale_abbrev_day_names
                0x0000000000006f5c       0x1d C:/Program Files/SEGGER/SEGGER Embedded Studio for ARM 6.40/lib/libc_v7em_fpv4_sp_d16_hard_t_le_eabi_balanced.a(mbops.o)
                0x0000000000006f5c                __SEGGER_RTL_c_locale_abbrev_day_names
 .rodata.libc.__SEGGER_RTL_c_locale_abbrev_month_names
                0x0000000000006f79       0x31 C:/Program Files/SEGGER/SEGGER Embedded Studio for ARM 6.40/lib/libc_v7em_fpv4_sp_d16_hard_t_le_eabi_balanced.a(mbops.o)
                0x0000000000006f79                __SEGGER_RTL_c_locale_abbrev_month_names
 .rodata.libc.__SEGGER_RTL_data_utf8_period
                0x0000000000006faa        0x2 C:/Program Files/SEGGER/SEGGER Embedded Studio for ARM 6.40/lib/libc_v7em_fpv4_sp_d16_hard_t_le_eabi_balanced.a(mbops.o)
                0x0000000000006faa                __SEGGER_RTL_data_utf8_period
 .rodata.libc.__SEGGER_RTL_data_empty_string
                0x0000000000006fac        0x1 C:/Program Files/SEGGER/SEGGER Embedded Studio for ARM 6.40/lib/libc_v7em_fpv4_sp_d16_hard_t_le_eabi_balanced.a(mbops.o)
                0x0000000000006fac                __SEGGER_RTL_data_empty_string
 .rodata.libc.__SEGGER_RTL_c_locale_day_names
                0x0000000000006fad       0x3a C:/Program Files/SEGGER/SEGGER Embedded Studio for ARM 6.40/lib/libc_v7em_fpv4_sp_d16_hard_t_le_eabi_balanced.a(mbops.o)
 .rodata.libc.__SEGGER_RTL_c_locale_month_names
                0x0000000000006fe7       0x57 C:/Program Files/SEGGER/SEGGER Embedded Studio for ARM 6.40/lib/libc_v7em_fpv4_sp_d16_hard_t_le_eabi_balanced.a(mbops.o)
 .rodata.libc.__SEGGER_RTL_c_locale_am_pm_indicator
                0x000000000000703e        0x7 C:/Program Files/SEGGER/SEGGER Embedded Studio for ARM 6.40/lib/libc_v7em_fpv4_sp_d16_hard_t_le_eabi_balanced.a(mbops.o)
 .rodata.libc.__SEGGER_RTL_c_locale_date_format
                0x0000000000007045        0x9 C:/Program Files/SEGGER/SEGGER Embedded Studio for ARM 6.40/lib/libc_v7em_fpv4_sp_d16_hard_t_le_eabi_balanced.a(mbops.o)
 .rodata.libc.__SEGGER_RTL_c_locale_time_format
                0x000000000000704e        0x9 C:/Program Files/SEGGER/SEGGER Embedded Studio for ARM 6.40/lib/libc_v7em_fpv4_sp_d16_hard_t_le_eabi_balanced.a(mbops.o)
 .rodata.libc.__SEGGER_RTL_c_locale_date_time_format
                0x0000000000007057        0xf C:/Program Files/SEGGER/SEGGER Embedded Studio for ARM 6.40/lib/libc_v7em_fpv4_sp_d16_hard_t_le_eabi_balanced.a(mbops.o)
 *fill*         0x0000000000007066        0x2 
 .rodata.libc.__SEGGER_RTL_c_locale_data
                0x0000000000007068       0x58 C:/Program Files/SEGGER/SEGGER Embedded Studio for ARM 6.40/lib/libc_v7em_fpv4_sp_d16_hard_t_le_eabi_balanced.a(mbops.o)
                0x0000000000007068                __SEGGER_RTL_c_locale_data
 .rodata.libc.__SEGGER_RTL_ascii_ctype_map
                0x00000000000070c0       0x80 C:/Program Files/SEGGER/SEGGER Embedded Studio for ARM 6.40/lib/libc_v7em_fpv4_sp_d16_hard_t_le_eabi_balanced.a(mbops.o)
 .rodata.libc.__SEGGER_RTL_ascii_ctype_mask
                0x0000000000007140        0xd C:/Program Files/SEGGER/SEGGER Embedded Studio for ARM 6.40/lib/libc_v7em_fpv4_sp_d16_hard_t_le_eabi_balanced.a(mbops.o)
                0x000000000000714d                __rodata_end__ = (__rodata_start__ + SIZEOF (.rodata))
                0x0000000000000e49                __rodata_size__ = SIZEOF (.rodata)
                0x000000000000714d                __rodata_load_end__ = __rodata_end__

.rel.dyn        0x0000000000007150        0x0
 .rel.iplt      0x0000000000007150        0x0 Output/Debug/Obj/spi_pca10040/main.o
                0x0000000000000001                . = ASSERT (((__rodata_start__ == __rodata_end__) || ((__rodata_end__ - __FLASH1_segment_start__) <= __FLASH1_segment_size__)), error: .rodata is too large to fit in FLASH1 memory segment)
                0x0000000000007150                __ARM.exidx_load_start__ = ALIGN (__rodata_end__, 0x4)

.ARM.exidx      0x0000000000007150        0x0
                0x0000000000007150                __ARM.exidx_start__ = .
                0x0000000000007150                __exidx_start = __ARM.exidx_start__
 *(.ARM.exidx .ARM.exidx.*)
                0x0000000000007150                __ARM.exidx_end__ = (__ARM.exidx_start__ + SIZEOF (.ARM.exidx))
                0x0000000000000000                __ARM.exidx_size__ = SIZEOF (.ARM.exidx)
                0x0000000000007150                __exidx_end = __ARM.exidx_end__
                0x0000000000007150                __ARM.exidx_load_end__ = __ARM.exidx_end__
                0x0000000000000001                . = ASSERT (((__ARM.exidx_start__ == __ARM.exidx_end__) || ((__ARM.exidx_end__ - __FLASH1_segment_start__) <= __FLASH1_segment_size__)), error: .ARM.exidx is too large to fit in FLASH1 memory segment)
                0x0000000000007150                __fast_load_start__ = ALIGN (__ARM.exidx_end__, 0x4)

.fast           0x0000000020000000        0x0 load address 0x0000000000007150
                0x0000000020000000                __fast_start__ = .
 *(.fast .fast.*)
                0x0000000020000000                __fast_end__ = (__fast_start__ + SIZEOF (.fast))
                0x0000000000000000                __fast_size__ = SIZEOF (.fast)
                0x0000000000007150                __fast_load_end__ = (__fast_load_start__ + SIZEOF (.fast))
                0x0000000000000001                . = ASSERT (((__fast_load_start__ == __fast_load_end__) || ((__fast_load_end__ - __FLASH1_segment_start__) <= __FLASH1_segment_size__)), error: .fast is too large to fit in FLASH1 memory segment)

.fast_run       0x0000000020000000        0x0
                0x0000000020000000                __fast_run_start__ = .
                0x0000000020000000                __fast_run_end__ = (__fast_run_start__ + SIZEOF (.fast))
                0x0000000000000000                __fast_run_size__ = (__fast_run_end__ - __fast_run_start__)
                0x0000000020000000                __fast_run_load_end__ = __fast_run_end__
                0x0000000000000001                . = ASSERT (((__fast_run_start__ == __fast_run_end__) || ((__fast_run_end__ - __RAM1_segment_start__) <= __RAM1_segment_size__)), error: .fast_run is too large to fit in RAM1 memory segment)
                0x0000000000007150                __data_load_start__ = ALIGN ((__fast_load_start__ + SIZEOF (.fast)), 0x4)

.data           0x0000000020000000       0x70 load address 0x0000000000007150
                0x0000000020000000                __data_start__ = .
 *(.data .data.* .gnu.linkonce.d.*)
 .data.SystemCoreClock
                0x0000000020000000        0x4 Output/Debug/Obj/spi_pca10040/system_nrf52.o
                0x0000000020000000                SystemCoreClock
 .data.m_uart   0x0000000020000004       0x14 Output/Debug/Obj/spi_pca10040/nrf_log_backend_uart.o
                0x0000000020000004                m_uart
 .data.log_backend_cb_uart_log_backend
                0x0000000020000018        0x8 Output/Debug/Obj/spi_pca10040/nrf_log_default_backends.o
 .data.m_buffer_mask
                0x0000000020000020        0x4 Output/Debug/Obj/spi_pca10040/nrf_log_frontend.o
 .data.severity_names
                0x0000000020000024       0x14 Output/Debug/Obj/spi_pca10040/nrf_log_str_formatter.o
 .data.m_colors
                0x0000000020000038       0x24 Output/Debug/Obj/spi_pca10040/nrf_log_str_formatter.o
 .data.libc.__SEGGER_RTL_global_locale
                0x000000002000005c       0x14 C:/Program Files/SEGGER/SEGGER Embedded Studio for ARM 6.40/lib/libc_v7em_fpv4_sp_d16_hard_t_le_eabi_balanced.a(mbops.o)
                0x000000002000005c                __SEGGER_RTL_global_locale
                0x000000002000005c                __RAL_global_locale
                0x0000000020000070                __data_end__ = (__data_start__ + SIZEOF (.data))
                0x0000000000000070                __data_size__ = SIZEOF (.data)
                0x00000000000071c0                __data_load_end__ = (__data_load_start__ + SIZEOF (.data))

.igot.plt       0x0000000100000000        0x0
 .igot.plt      0x0000000100000000        0x0 Output/Debug/Obj/spi_pca10040/main.o
                0x0000000000000001                . = ASSERT (((__data_load_start__ == __data_load_end__) || ((__data_load_end__ - __FLASH1_segment_start__) <= __FLASH1_segment_size__)), error: .data is too large to fit in FLASH1 memory segment)

.data_run       0x0000000020000000        0x0
                0x0000000020000000                __data_run_start__ = .
                0x0000000020000070                __data_run_end__ = (__data_run_start__ + SIZEOF (.data))
                0x0000000000000070                __data_run_size__ = (__data_run_end__ - __data_run_start__)
                0x0000000020000070                __data_run_load_end__ = __data_run_end__
                0x0000000000000001                . = ASSERT (((__data_run_start__ == __data_run_end__) || ((__data_run_end__ - __RAM1_segment_start__) <= __RAM1_segment_size__)), error: .data_run is too large to fit in RAM1 memory segment)
                0x00000000000071c0                __tdata_load_start__ = ALIGN ((__data_load_start__ + SIZEOF (.data)), 0x4)

.tdata          0x0000000020000070        0x0 load address 0x00000000000071c0
                0x0000000020000070                __tdata_start__ = .
 *(.tdata .tdata.*)
                0x0000000020000070                __tdata_end__ = (__tdata_start__ + SIZEOF (.tdata))
                0x0000000000000000                __tdata_size__ = SIZEOF (.tdata)
                0x00000000000071c0                __tdata_load_end__ = (__tdata_load_start__ + SIZEOF (.tdata))
                0x00000000000071c0                __FLASH1_segment_used_end__ = (ALIGN ((__data_load_start__ + SIZEOF (.data)), 0x4) + SIZEOF (.tdata))
                0x00000000000071c0                __FLASH1_segment_used_size__ = (__FLASH1_segment_used_end__ - __FLASH1_segment_start__)
                0x0000000000000001                . = ASSERT (((__tdata_load_start__ == __tdata_load_end__) || ((__tdata_load_end__ - __FLASH1_segment_start__) <= __FLASH1_segment_size__)), error: .tdata is too large to fit in FLASH1 memory segment)

.tdata_run      0x0000000020000070        0x0
                0x0000000020000070                __tdata_run_start__ = .
                0x0000000020000070                __tdata_run_end__ = (__tdata_run_start__ + SIZEOF (.tdata))
                0x0000000000000000                __tdata_run_size__ = (__tdata_run_end__ - __tdata_run_start__)
                0x0000000020000070                __tdata_run_load_end__ = __tdata_run_end__
                0x0000000000000001                . = ASSERT (((__tdata_run_start__ == __tdata_run_end__) || ((__tdata_run_end__ - __RAM1_segment_start__) <= __RAM1_segment_size__)), error: .tdata_run is too large to fit in RAM1 memory segment)
                0x0000000020000070                __bss_load_start__ = ALIGN (__tdata_run_end__, 0x4)

.bss            0x0000000020000070      0xa0c
                0x0000000020000070                __bss_start__ = .
 *(.bss .bss.* .gnu.linkonce.b.*)
 .bss.readBuf   0x0000000020000070      0x100 Output/Debug/Obj/spi_pca10040/main.o
                0x0000000020000070                readBuf
 .bss.writeBuf  0x0000000020000170      0x100 Output/Debug/Obj/spi_pca10040/main.o
                0x0000000020000170                writeBuf
 .bss.spi_xfer_done
                0x0000000020000270        0x1 Output/Debug/Obj/spi_pca10040/w25q128.o
 *fill*         0x0000000020000271        0x3 
 .bss.spi_tx_buf
                0x0000000020000274       0x84 Output/Debug/Obj/spi_pca10040/w25q128.o
                0x0000000020000274                spi_tx_buf
 .bss.spi_rx_buf
                0x00000000200002f8       0x84 Output/Debug/Obj/spi_pca10040/w25q128.o
                0x00000000200002f8                spi_rx_buf
 .bss.m_handlers
                0x000000002000037c        0xc Output/Debug/Obj/spi_pca10040/nrf_drv_spi.o
 .bss.m_contexts
                0x0000000020000388        0xc Output/Debug/Obj/spi_pca10040/nrf_drv_spi.o
 .bss.m_handlers
                0x0000000020000394        0x4 Output/Debug/Obj/spi_pca10040/nrf_drv_uart.o
 .bss.m_contexts
                0x0000000020000398        0x4 Output/Debug/Obj/spi_pca10040/nrf_drv_uart.o
 .bss.nrf_drv_uart_use_easy_dma
                0x000000002000039c        0x1 Output/Debug/Obj/spi_pca10040/nrf_drv_uart.o
                0x000000002000039c                nrf_drv_uart_use_easy_dma
 *fill*         0x000000002000039d        0x3 
 .bss.m_cb      0x00000000200003a0       0x5c Output/Debug/Obj/spi_pca10040/nrfx_gpiote.o
 .bss.m_prs_box_4
                0x00000000200003fc        0x8 Output/Debug/Obj/spi_pca10040/nrfx_prs.o
 .bss.m_cb      0x0000000020000404       0x24 Output/Debug/Obj/spi_pca10040/nrfx_spim.o
 .bss.m_cb      0x0000000020000428       0x2c Output/Debug/Obj/spi_pca10040/nrfx_uart.o
 .bss.m_cb      0x0000000020000454       0x24 Output/Debug/Obj/spi_pca10040/nrfx_uarte.o
 .bss.m_error_data.0
                0x0000000020000478       0x20 Output/Debug/Obj/spi_pca10040/app_error.o
 .bss.m_in_critical_region
                0x0000000020000498        0x4 Output/Debug/Obj/spi_pca10040/app_util_platform.o
 .bss.m_handlers
                0x000000002000049c        0x4 Output/Debug/Obj/spi_pca10040/drv_rtc.o
 .bss.m_cb      0x00000000200004a0        0x8 Output/Debug/Obj/spi_pca10040/drv_rtc.o
 .bss.m_string_buff
                0x00000000200004a8       0x40 Output/Debug/Obj/spi_pca10040/nrf_log_backend_uart.o
 .bss.m_xfer_done
                0x00000000200004e8        0x1 Output/Debug/Obj/spi_pca10040/nrf_log_backend_uart.o
 .bss.m_async_mode
                0x00000000200004e9        0x1 Output/Debug/Obj/spi_pca10040/nrf_log_backend_uart.o
 *fill*         0x00000000200004ea        0x2 
 .bss.log_mempool_nrf_balloc_pool_stack
                0x00000000200004ec        0x8 Output/Debug/Obj/spi_pca10040/nrf_log_frontend.o
 .bss.log_mempool_nrf_balloc_pool_mem
                0x00000000200004f4       0xc0 Output/Debug/Obj/spi_pca10040/nrf_log_frontend.o
 .bss.log_mempool_nrf_balloc_cb
                0x00000000200005b4        0x8 Output/Debug/Obj/spi_pca10040/nrf_log_frontend.o
 .bss.m_log_push_ringbuf_buf
                0x00000000200005bc       0x80 Output/Debug/Obj/spi_pca10040/nrf_log_frontend.o
 .bss.m_log_push_ringbuf_cb
                0x000000002000063c       0x18 Output/Debug/Obj/spi_pca10040/nrf_log_frontend.o
 .bss.m_log_data
                0x0000000020000654      0x420 Output/Debug/Obj/spi_pca10040/nrf_log_frontend.o
 .bss.libc.__SEGGER_RTL_locale_ptr
                0x0000000020000a74        0x4 C:/Program Files/SEGGER/SEGGER Embedded Studio for ARM 6.40/lib/libc_v7em_fpv4_sp_d16_hard_t_le_eabi_balanced.a(mbops.o)
                0x0000000020000a74                __SEGGER_RTL_locale_ptr
 .bss.__SEGGER_RTL_heap_globals
                0x0000000020000a78        0x4 C:/Program Files/SEGGER/SEGGER Embedded Studio for ARM 6.40/lib/heapops_basic_v7em_little.a(heapops_basic.o)
 *(COMMON)
                0x0000000020000a7c                __bss_end__ = (__bss_start__ + SIZEOF (.bss))
                0x0000000000000a0c                __bss_size__ = SIZEOF (.bss)
                0x0000000020000a7c                __bss_load_end__ = __bss_end__
                0x0000000000000001                . = ASSERT (((__bss_start__ == __bss_end__) || ((__bss_end__ - __RAM1_segment_start__) <= __RAM1_segment_size__)), error: .bss is too large to fit in RAM1 memory segment)
                0x0000000020000a7c                __tbss_load_start__ = ALIGN (__bss_end__, 0x4)

.tbss           0x0000000020000a7c        0x0
                0x0000000020000a7c                __tbss_start__ = .
 *(.tbss .tbss.*)
                0x0000000020000a7c                __tbss_end__ = (__tbss_start__ + SIZEOF (.tbss))
                0x0000000000000000                __tbss_size__ = SIZEOF (.tbss)
                0x0000000020000a7c                __tbss_load_end__ = __tbss_end__
                0x0000000000000001                . = ASSERT (((__tbss_start__ == __tbss_end__) || ((__tbss_end__ - __RAM1_segment_start__) <= __RAM1_segment_size__)), error: .tbss is too large to fit in RAM1 memory segment)
                0x0000000020000a7c                __non_init_load_start__ = ALIGN (__tbss_end__, 0x4)

.non_init       0x0000000020000a7c        0x0
                0x0000000020000a7c                __non_init_start__ = .
 *(.non_init .non_init.*)
                0x0000000020000a7c                __non_init_end__ = (__non_init_start__ + SIZEOF (.non_init))
                0x0000000000000000                __non_init_size__ = SIZEOF (.non_init)
                0x0000000020000a7c                __non_init_load_end__ = __non_init_end__
                0x0000000000000001                . = ASSERT (((__non_init_start__ == __non_init_end__) || ((__non_init_end__ - __RAM1_segment_start__) <= __RAM1_segment_size__)), error: .non_init is too large to fit in RAM1 memory segment)
                0x0000000020000a7c                __heap_load_start__ = ALIGN (__non_init_end__, 0x4)

.heap           0x0000000020000a7c     0x2000
                0x0000000020000a7c                __heap_start__ = .
 *(.heap .heap.*)
                0x0000000020002a7c                . = ALIGN (MAX ((__heap_start__ + __HEAPSIZE__), .), 0x4)
 *fill*         0x0000000020000a7c     0x2000 
                0x0000000020002a7c                __heap_end__ = (__heap_start__ + SIZEOF (.heap))
                0x0000000000002000                __heap_size__ = SIZEOF (.heap)
                0x0000000020002a7c                __heap_load_end__ = __heap_end__
                0x0000000000000001                . = ASSERT (((__heap_start__ == __heap_end__) || ((__heap_end__ - __RAM1_segment_start__) <= __RAM1_segment_size__)), error: .heap is too large to fit in RAM1 memory segment)
                0x0000000000000001                . = ASSERT ((__heap_size__ <= __HEAPSIZE__), error: .heap is larger than specified size)
                0x000000002000e000                __stack_load_start__ = (__RAM1_segment_start__ + (__RAM1_segment_size__ - 0x2000))

.stack          0x000000002000e000     0x2000
                0x000000002000e000                __stack_start__ = .
                0x000000002000e000                __StackLimit = __stack_start__
 *(.stack .stack.*)
                0x0000000020010000                . = ALIGN (MAX ((__stack_start__ + __STACKSIZE__), .), 0x8)
 *fill*         0x000000002000e000     0x2000 
                0x0000000020010000                __stack_end__ = (__stack_start__ + SIZEOF (.stack))
                0x0000000000002000                __stack_size__ = SIZEOF (.stack)
                0x0000000020010000                __StackTop = __stack_end__
                0x0000000020010000                __stack_load_end__ = __stack_end__
                0x0000000000000001                . = ASSERT (((__stack_start__ == __stack_end__) || ((__stack_end__ - __RAM1_segment_start__) <= __RAM1_segment_size__)), error: .stack is too large to fit in RAM1 memory segment)
                0x0000000000000001                . = ASSERT ((__heap_end__ <= __stack_start__), error: section .heap overlaps absolute placed section .stack)
                0x0000000000000001                . = ASSERT ((__stack_size__ <= __STACKSIZE__), error: .stack is larger than specified size)
                0x0000000020010000                __stack_process_load_start__ = ALIGN (__stack_end__, 0x8)

.stack_process  0x0000000020010000        0x0
                0x0000000020010000                __stack_process_start__ = .
 *(.stack_process .stack_process.*)
                0x0000000020010000                . = ALIGN (MAX ((__stack_process_start__ + __STACKSIZE_PROCESS__), .), 0x8)
                0x0000000020010000                __stack_process_end__ = (__stack_process_start__ + SIZEOF (.stack_process))
                0x0000000000000000                __stack_process_size__ = SIZEOF (.stack_process)
                0x0000000020010000                __stack_process_load_end__ = __stack_process_end__
                0x0000000020010000                __RAM1_segment_used_end__ = (ALIGN (__stack_end__, 0x8) + SIZEOF (.stack_process))
                0x0000000000010000                __RAM1_segment_used_size__ = (__RAM1_segment_used_end__ - __RAM1_segment_start__)
                0x0000000000000001                . = ASSERT (((__stack_process_start__ == __stack_process_end__) || ((__stack_process_end__ - __RAM1_segment_start__) <= __RAM1_segment_size__)), error: .stack_process is too large to fit in RAM1 memory segment)
                0x0000000000000001                . = ASSERT ((__stack_process_size__ <= __STACKSIZE_PROCESS__), error: .stack_process is larger than specified size)
START GROUP
LOAD Output/Debug/Obj/spi_pca10040/main.o
LOAD Output/Debug/Obj/spi_pca10040/w25q128.o
LOAD Output/Debug/Obj/spi_pca10040/boards.o
LOAD Output/Debug/Obj/spi_pca10040/bsp.o
LOAD Output/Debug/Obj/spi_pca10040/ses_startup_nrf52.o
LOAD Output/Debug/Obj/spi_pca10040/ses_startup_nrf_common.o
LOAD Output/Debug/Obj/spi_pca10040/system_nrf52.o
LOAD Output/Debug/Obj/spi_pca10040/thumb_crt0.o
LOAD Output/Debug/Obj/spi_pca10040/nrf_drv_spi.o
LOAD Output/Debug/Obj/spi_pca10040/nrf_drv_uart.o
LOAD Output/Debug/Obj/spi_pca10040/nrfx_atomic.o
LOAD Output/Debug/Obj/spi_pca10040/nrfx_gpiote.o
LOAD Output/Debug/Obj/spi_pca10040/nrfx_prs.o
LOAD Output/Debug/Obj/spi_pca10040/nrfx_spi.o
LOAD Output/Debug/Obj/spi_pca10040/nrfx_spim.o
LOAD Output/Debug/Obj/spi_pca10040/nrfx_uart.o
LOAD Output/Debug/Obj/spi_pca10040/nrfx_uarte.o
LOAD Output/Debug/Obj/spi_pca10040/app_button.o
LOAD Output/Debug/Obj/spi_pca10040/app_error.o
LOAD Output/Debug/Obj/spi_pca10040/app_error_handler_gcc.o
LOAD Output/Debug/Obj/spi_pca10040/app_error_weak.o
LOAD Output/Debug/Obj/spi_pca10040/app_scheduler.o
LOAD Output/Debug/Obj/spi_pca10040/app_timer2.o
LOAD Output/Debug/Obj/spi_pca10040/app_util_platform.o
LOAD Output/Debug/Obj/spi_pca10040/drv_rtc.o
LOAD Output/Debug/Obj/spi_pca10040/nrf_assert.o
LOAD Output/Debug/Obj/spi_pca10040/nrf_atfifo.o
LOAD Output/Debug/Obj/spi_pca10040/nrf_atomic.o
LOAD Output/Debug/Obj/spi_pca10040/nrf_balloc.o
LOAD Output/Debug/Obj/spi_pca10040/nrf_fprintf.o
LOAD Output/Debug/Obj/spi_pca10040/nrf_fprintf_format.o
LOAD Output/Debug/Obj/spi_pca10040/nrf_memobj.o
LOAD Output/Debug/Obj/spi_pca10040/nrf_ringbuf.o
LOAD Output/Debug/Obj/spi_pca10040/nrf_sortlist.o
LOAD Output/Debug/Obj/spi_pca10040/nrf_strerror.o
LOAD Output/Debug/Obj/spi_pca10040/nrf_log_backend_rtt.o
LOAD Output/Debug/Obj/spi_pca10040/nrf_log_backend_serial.o
LOAD Output/Debug/Obj/spi_pca10040/nrf_log_backend_uart.o